Archive member included to satisfy reference by file (symbol)

c:/ac6/systemworkbench/plugins/fr.ac6.mcu.externaltools.arm-none.win32_1.7.0.201602121829/tools/compiler/bin/../lib/gcc/arm-none-eabi/5.2.1/../../../../arm-none-eabi/lib/armv7e-m/fpu\libc_nano.a(lib_a-exit.o)
                              c:/ac6/systemworkbench/plugins/fr.ac6.mcu.externaltools.arm-none.win32_1.7.0.201602121829/tools/compiler/bin/../lib/gcc/arm-none-eabi/5.2.1/../../../../arm-none-eabi/lib/armv7e-m/fpu/crt0.o (exit)
c:/ac6/systemworkbench/plugins/fr.ac6.mcu.externaltools.arm-none.win32_1.7.0.201602121829/tools/compiler/bin/../lib/gcc/arm-none-eabi/5.2.1/../../../../arm-none-eabi/lib/armv7e-m/fpu\libc_nano.a(lib_a-impure.o)
                              c:/ac6/systemworkbench/plugins/fr.ac6.mcu.externaltools.arm-none.win32_1.7.0.201602121829/tools/compiler/bin/../lib/gcc/arm-none-eabi/5.2.1/../../../../arm-none-eabi/lib/armv7e-m/fpu\libc_nano.a(lib_a-exit.o) (_global_impure_ptr)
c:/ac6/systemworkbench/plugins/fr.ac6.mcu.externaltools.arm-none.win32_1.7.0.201602121829/tools/compiler/bin/../lib/gcc/arm-none-eabi/5.2.1/../../../../arm-none-eabi/lib/armv7e-m/fpu\libc_nano.a(lib_a-init.o)
                              c:/ac6/systemworkbench/plugins/fr.ac6.mcu.externaltools.arm-none.win32_1.7.0.201602121829/tools/compiler/bin/../lib/gcc/arm-none-eabi/5.2.1/../../../../arm-none-eabi/lib/armv7e-m/fpu/crt0.o (__libc_init_array)
c:/ac6/systemworkbench/plugins/fr.ac6.mcu.externaltools.arm-none.win32_1.7.0.201602121829/tools/compiler/bin/../lib/gcc/arm-none-eabi/5.2.1/../../../../arm-none-eabi/lib/armv7e-m/fpu\libc_nano.a(lib_a-malloc.o)
                              Middlewares/ST/STM32_USB_Device_Library/Class/CDC/Src/usbd_cdc.o (malloc)
c:/ac6/systemworkbench/plugins/fr.ac6.mcu.externaltools.arm-none.win32_1.7.0.201602121829/tools/compiler/bin/../lib/gcc/arm-none-eabi/5.2.1/../../../../arm-none-eabi/lib/armv7e-m/fpu\libc_nano.a(lib_a-memcpy-stub.o)
                              Middlewares/Third_Party/FreeRTOS/Source/queue.o (memcpy)
c:/ac6/systemworkbench/plugins/fr.ac6.mcu.externaltools.arm-none.win32_1.7.0.201602121829/tools/compiler/bin/../lib/gcc/arm-none-eabi/5.2.1/../../../../arm-none-eabi/lib/armv7e-m/fpu\libc_nano.a(lib_a-memset.o)
                              c:/ac6/systemworkbench/plugins/fr.ac6.mcu.externaltools.arm-none.win32_1.7.0.201602121829/tools/compiler/bin/../lib/gcc/arm-none-eabi/5.2.1/../../../../arm-none-eabi/lib/armv7e-m/fpu/crt0.o (memset)
c:/ac6/systemworkbench/plugins/fr.ac6.mcu.externaltools.arm-none.win32_1.7.0.201602121829/tools/compiler/bin/../lib/gcc/arm-none-eabi/5.2.1/../../../../arm-none-eabi/lib/armv7e-m/fpu\libc_nano.a(lib_a-nano-freer.o)
                              c:/ac6/systemworkbench/plugins/fr.ac6.mcu.externaltools.arm-none.win32_1.7.0.201602121829/tools/compiler/bin/../lib/gcc/arm-none-eabi/5.2.1/../../../../arm-none-eabi/lib/armv7e-m/fpu\libc_nano.a(lib_a-malloc.o) (_free_r)
c:/ac6/systemworkbench/plugins/fr.ac6.mcu.externaltools.arm-none.win32_1.7.0.201602121829/tools/compiler/bin/../lib/gcc/arm-none-eabi/5.2.1/../../../../arm-none-eabi/lib/armv7e-m/fpu\libc_nano.a(lib_a-nano-mallocr.o)
                              c:/ac6/systemworkbench/plugins/fr.ac6.mcu.externaltools.arm-none.win32_1.7.0.201602121829/tools/compiler/bin/../lib/gcc/arm-none-eabi/5.2.1/../../../../arm-none-eabi/lib/armv7e-m/fpu\libc_nano.a(lib_a-malloc.o) (_malloc_r)
c:/ac6/systemworkbench/plugins/fr.ac6.mcu.externaltools.arm-none.win32_1.7.0.201602121829/tools/compiler/bin/../lib/gcc/arm-none-eabi/5.2.1/../../../../arm-none-eabi/lib/armv7e-m/fpu\libc_nano.a(lib_a-sbrkr.o)
                              c:/ac6/systemworkbench/plugins/fr.ac6.mcu.externaltools.arm-none.win32_1.7.0.201602121829/tools/compiler/bin/../lib/gcc/arm-none-eabi/5.2.1/../../../../arm-none-eabi/lib/armv7e-m/fpu\libc_nano.a(lib_a-nano-mallocr.o) (_sbrk_r)
c:/ac6/systemworkbench/plugins/fr.ac6.mcu.externaltools.arm-none.win32_1.7.0.201602121829/tools/compiler/bin/../lib/gcc/arm-none-eabi/5.2.1/../../../../arm-none-eabi/lib/armv7e-m/fpu\libc_nano.a(lib_a-reent.o)
                              c:/ac6/systemworkbench/plugins/fr.ac6.mcu.externaltools.arm-none.win32_1.7.0.201602121829/tools/compiler/bin/../lib/gcc/arm-none-eabi/5.2.1/../../../../arm-none-eabi/lib/armv7e-m/fpu\libc_nano.a(lib_a-sbrkr.o) (errno)
c:/ac6/systemworkbench/plugins/fr.ac6.mcu.externaltools.arm-none.win32_1.7.0.201602121829/tools/compiler/bin/../lib/gcc/arm-none-eabi/5.2.1/../../../../arm-none-eabi/lib/armv7e-m/fpu\libnosys.a(sbrk.o)
                              c:/ac6/systemworkbench/plugins/fr.ac6.mcu.externaltools.arm-none.win32_1.7.0.201602121829/tools/compiler/bin/../lib/gcc/arm-none-eabi/5.2.1/../../../../arm-none-eabi/lib/armv7e-m/fpu\libc_nano.a(lib_a-sbrkr.o) (_sbrk)
c:/ac6/systemworkbench/plugins/fr.ac6.mcu.externaltools.arm-none.win32_1.7.0.201602121829/tools/compiler/bin/../lib/gcc/arm-none-eabi/5.2.1/../../../../arm-none-eabi/lib/armv7e-m/fpu\libnosys.a(_exit.o)
[...]
Memory Configuration

Name             Origin             Length             Attributes
RAM              0x20000000         0x00020000         xrw
FLASH            0x08000000         0x00080000         xr
*default*        0x00000000         0xffffffff

Linker script and memory map

LOAD c:/ac6/systemworkbench/plugins/fr.ac6.mcu.externaltools.arm-none.win32_1.7.0.201602121829/tools/compiler/bin/../lib/gcc/arm-none-eabi/5.2.1/armv7e-m/fpu/crti.o
LOAD c:/ac6/systemworkbench/plugins/fr.ac6.mcu.externaltools.arm-none.win32_1.7.0.201602121829/tools/compiler/bin/../lib/gcc/arm-none-eabi/5.2.1/armv7e-m/fpu/crtbegin.o
LOAD c:/ac6/systemworkbench/plugins/fr.ac6.mcu.externaltools.arm-none.win32_1.7.0.201602121829/tools/compiler/bin/../lib/gcc/arm-none-eabi/5.2.1/../../../../arm-none-eabi/lib/armv7e-m/fpu/crt0.o
LOAD c:/ac6/systemworkbench/plugins/fr.ac6.mcu.externaltools.arm-none.win32_1.7.0.201602121829/tools/compiler/bin/../lib/gcc/arm-none-eabi/5.2.1/../../../../arm-none-eabi/lib/armv7e-m/fpu\libm.a
LOAD Drivers/CMSIS/Device/ST/STM32F4xx/Source/Templates/gcc/startup_stm32f411xe.o
LOAD Drivers/CMSIS/Device/ST/STM32F4xx/Source/Templates/system_stm32f4xx.o
LOAD Drivers/STM32F4xx_HAL_Driver/Src/stm32f4xx_hal.o
LOAD Drivers/STM32F4xx_HAL_Driver/Src/stm32f4xx_hal_cortex.o
LOAD Drivers/STM32F4xx_HAL_Driver/Src/stm32f4xx_hal_dma.o
LOAD Drivers/STM32F4xx_HAL_Driver/Src/stm32f4xx_hal_dma_ex.o
LOAD Drivers/STM32F4xx_HAL_Driver/Src/stm32f4xx_hal_flash.o
LOAD Drivers/STM32F4xx_HAL_Driver/Src/stm32f4xx_hal_flash_ex.o
LOAD Drivers/STM32F4xx_HAL_Driver/Src/stm32f4xx_hal_flash_ramfunc.o
LOAD Drivers/STM32F4xx_HAL_Driver/Src/stm32f4xx_hal_gpio.o
LOAD Drivers/STM32F4xx_HAL_Driver/Src/stm32f4xx_hal_i2c.o
LOAD Drivers/STM32F4xx_HAL_Driver/Src/stm32f4xx_hal_i2c_ex.o
LOAD Drivers/STM32F4xx_HAL_Driver/Src/stm32f4xx_hal_pcd.o
LOAD Drivers/STM32F4xx_HAL_Driver/Src/stm32f4xx_hal_pcd_ex.o
LOAD Drivers/STM32F4xx_HAL_Driver/Src/stm32f4xx_hal_pwr.o
LOAD Drivers/STM32F4xx_HAL_Driver/Src/stm32f4xx_hal_pwr_ex.o
LOAD Drivers/STM32F4xx_HAL_Driver/Src/stm32f4xx_hal_rcc.o
LOAD Drivers/STM32F4xx_HAL_Driver/Src/stm32f4xx_hal_rcc_ex.o
LOAD Drivers/STM32F4xx_HAL_Driver/Src/stm32f4xx_hal_tim.o
LOAD Drivers/STM32F4xx_HAL_Driver/Src/stm32f4xx_hal_tim_ex.o
LOAD Drivers/STM32F4xx_HAL_Driver/Src/stm32f4xx_hal_uart.o
LOAD Drivers/STM32F4xx_HAL_Driver/Src/stm32f4xx_ll_usb.o
LOAD Middlewares/ST/STM32_USB_Device_Library/Class/CDC/Src/usbd_cdc.o
LOAD Middlewares/ST/STM32_USB_Device_Library/Core/Src/usbd_core.o
LOAD Middlewares/ST/STM32_USB_Device_Library/Core/Src/usbd_ctlreq.o
LOAD Middlewares/ST/STM32_USB_Device_Library/Core/Src/usbd_ioreq.o
LOAD Middlewares/Third_Party/FreeRTOS/Source/CMSIS_RTOS/cmsis_os.o
LOAD Middlewares/Third_Party/FreeRTOS/Source/croutine.o
LOAD Middlewares/Third_Party/FreeRTOS/Source/event_groups.o
LOAD Middlewares/Third_Party/FreeRTOS/Source/list.o
LOAD Middlewares/Third_Party/FreeRTOS/Source/queue.o
LOAD Middlewares/Third_Party/FreeRTOS/Source/tasks.o
LOAD Middlewares/Third_Party/FreeRTOS/Source/timers.o
LOAD Middlewares/Third_Party/FreeRTOS/Source/portable/GCC/ARM_CM4F/port.o
LOAD Middlewares/Third_Party/FreeRTOS/Source/portable/MemMang/heap_4.o
LOAD Src/freertos.o
LOAD Src/main.o
LOAD Src/stm32f4xx_hal_msp.o
LOAD Src/stm32f4xx_hal_timebase_TIM.o
LOAD Src/stm32f4xx_it.o
LOAD Src/usb_device.o
LOAD Src/usbd_cdc_if.o
LOAD Src/usbd_conf.o
LOAD Src/usbd_desc.o
START GROUP
LOAD c:/ac6/systemworkbench/plugins/fr.ac6.mcu.externaltools.arm-none.win32_1.7.0.201602121829/tools/compiler/bin/../lib/gcc/arm-none-eabi/5.2.1/armv7e-m/fpu\libgcc.a
LOAD c:/ac6/systemworkbench/plugins/fr.ac6.mcu.externaltools.arm-none.win32_1.7.0.201602121829/tools/compiler/bin/../lib/gcc/arm-none-eabi/5.2.1/../../../../arm-none-eabi/lib/armv7e-m/fpu\libc_nano.a
END GROUP
START GROUP
LOAD c:/ac6/systemworkbench/plugins/fr.ac6.mcu.externaltools.arm-none.win32_1.7.0.201602121829/tools/compiler/bin/../lib/gcc/arm-none-eabi/5.2.1/armv7e-m/fpu\libgcc.a
LOAD c:/ac6/systemworkbench/plugins/fr.ac6.mcu.externaltools.arm-none.win32_1.7.0.201602121829/tools/compiler/bin/../lib/gcc/arm-none-eabi/5.2.1/../../../../arm-none-eabi/lib/armv7e-m/fpu\libc_nano.a
LOAD c:/ac6/systemworkbench/plugins/fr.ac6.mcu.externaltools.arm-none.win32_1.7.0.201602121829/tools/compiler/bin/../lib/gcc/arm-none-eabi/5.2.1/../../../../arm-none-eabi/lib/armv7e-m/fpu\libnosys.a
END GROUP
START GROUP
LOAD c:/ac6/systemworkbench/plugins/fr.ac6.mcu.externaltools.arm-none.win32_1.7.0.201602121829/tools/compiler/bin/../lib/gcc/arm-none-eabi/5.2.1/armv7e-m/fpu\libgcc.a
LOAD c:/ac6/systemworkbench/plugins/fr.ac6.mcu.externaltools.arm-none.win32_1.7.0.201602121829/tools/compiler/bin/../lib/gcc/arm-none-eabi/5.2.1/../../../../arm-none-eabi/lib/armv7e-m/fpu\libc_nano.a
LOAD c:/ac6/systemworkbench/plugins/fr.ac6.mcu.externaltools.arm-none.win32_1.7.0.201602121829/tools/compiler/bin/../lib/gcc/arm-none-eabi/5.2.1/../../../../arm-none-eabi/lib/armv7e-m/fpu\libnosys.a
END GROUP
LOAD c:/ac6/systemworkbench/plugins/fr.ac6.mcu.externaltools.arm-none.win32_1.7.0.201602121829/tools/compiler/bin/../lib/gcc/arm-none-eabi/5.2.1/armv7e-m/fpu/crtend.o
LOAD c:/ac6/systemworkbench/plugins/fr.ac6.mcu.externaltools.arm-none.win32_1.7.0.201602121829/tools/compiler/bin/../lib/gcc/arm-none-eabi/5.2.1/armv7e-m/fpu/crtn.o
                0x20020000                _estack = 0x20020000
                0x00000200                _Min_Heap_Size = 0x200
                0x00000400                _Min_Stack_Size = 0x400

.isr_vector     0x08000000      0x198
                0x08000000                . = ALIGN (0x4)
 *(.isr_vector)
 .isr_vector    0x08000000      0x198 Drivers/CMSIS/Device/ST/STM32F4xx/Source/Templates/gcc/startup_stm32f411xe.o
                0x08000000                g_pfnVectors
                0x08000198                . = ALIGN (0x4)

.text           0x08000198     0x3fa0
                0x08000198                . = ALIGN (0x4)
 *(.text)
 .text          0x08000198       0xa4 c:/ac6/systemworkbench/plugins/fr.ac6.mcu.externaltools.arm-none.win32_1.7.0.201602121829/tools/compiler/bin/../lib/gcc/arm-none-eabi/5.2.1/armv7e-m/fpu/crtbegin.o
 *(.text*)
 .text.Reset_Handler
                0x0800023c       0x50 Drivers/CMSIS/Device/ST/STM32F4xx/Source/Templates/gcc/startup_stm32f411xe.o
                0x0800023c                Reset_Handler
 .text.Default_Handler
                0x0800028c        0x2 Drivers/CMSIS/Device/ST/STM32F4xx/Source/Templates/gcc/startup_stm32f411xe.o
                0x0800028c                RTC_Alarm_IRQHandler
                0x0800028c                EXTI2_IRQHandler
                0x0800028c                DebugMon_Handler
                0x0800028c                SPI4_IRQHandler
                0x0800028c                TIM1_CC_IRQHandler
                0x0800028c                DMA2_Stream5_IRQHandler
                0x0800028c                HardFault_Handler
                0x0800028c                DMA1_Stream5_IRQHandler
                0x0800028c                PVD_IRQHandler
                0x0800028c                SDIO_IRQHandler
                0x0800028c                TAMP_STAMP_IRQHandler
                0x0800028c                NMI_Handler
                0x0800028c                EXTI3_IRQHandler
                0x0800028c                I2C3_ER_IRQHandler
                0x0800028c                EXTI0_IRQHandler
                0x0800028c                I2C2_EV_IRQHandler
                0x0800028c                DMA1_Stream2_IRQHandler
                0x0800028c                FPU_IRQHandler
                0x0800028c                UsageFault_Handler
                0x0800028c                DMA2_Stream2_IRQHandler
                0x0800028c                SPI1_IRQHandler
                0x0800028c                TIM1_BRK_TIM9_IRQHandler
                0x0800028c                DMA2_Stream3_IRQHandler
                0x0800028c                USART6_IRQHandler
                0x0800028c                DMA2_Stream0_IRQHandler
                0x0800028c                TIM4_IRQHandler
                0x0800028c                I2C1_EV_IRQHandler
                0x0800028c                DMA1_Stream6_IRQHandler
                0x0800028c                DMA1_Stream1_IRQHandler
                0x0800028c                TIM3_IRQHandler
                0x0800028c                RCC_IRQHandler
                0x0800028c                Default_Handler
                0x0800028c                EXTI15_10_IRQHandler
                0x0800028c                ADC_IRQHandler
                0x0800028c                DMA1_Stream7_IRQHandler
                0x0800028c                SPI5_IRQHandler
                0x0800028c                TIM5_IRQHandler
                0x0800028c                DMA2_Stream7_IRQHandler
                0x0800028c                I2C3_EV_IRQHandler
                0x0800028c                EXTI9_5_IRQHandler
                0x0800028c                RTC_WKUP_IRQHandler
                0x0800028c                SPI2_IRQHandler
                0x0800028c                MemManage_Handler
                0x0800028c                DMA1_Stream0_IRQHandler
                0x0800028c                EXTI4_IRQHandler
                0x0800028c                WWDG_IRQHandler
                0x0800028c                TIM2_IRQHandler
                0x0800028c                OTG_FS_WKUP_IRQHandler
                0x0800028c                TIM1_TRG_COM_TIM11_IRQHandler
                0x0800028c                EXTI1_IRQHandler
                0x0800028c                USART2_IRQHandler
                0x0800028c                I2C2_ER_IRQHandler
                0x0800028c                DMA2_Stream1_IRQHandler
                0x0800028c                FLASH_IRQHandler
                0x0800028c                DMA2_Stream4_IRQHandler
                0x0800028c                BusFault_Handler
                0x0800028c                USART1_IRQHandler
                0x0800028c                SPI3_IRQHandler
                0x0800028c                DMA1_Stream4_IRQHandler
                0x0800028c                I2C1_ER_IRQHandler
                0x0800028c                DMA2_Stream6_IRQHandler
                0x0800028c                DMA1_Stream3_IRQHandler
 *fill*         0x0800028e        0x2 
 .text.SystemInit
                0x08000290       0x4c Drivers/CMSIS/Device/ST/STM32F4xx/Source/Templates/system_stm32f4xx.o
                0x08000290                SystemInit
 .text.HAL_Init
                0x080002dc       0x34 Drivers/STM32F4xx_HAL_Driver/Src/stm32f4xx_hal.o
                0x080002dc                HAL_Init
 .text.HAL_IncTick
                0x08000310       0x10 Drivers/STM32F4xx_HAL_Driver/Src/stm32f4xx_hal.o
                0x08000310                HAL_IncTick
 .text.HAL_GetTick
                0x08000320        0xc Drivers/STM32F4xx_HAL_Driver/Src/stm32f4xx_hal.o
                0x08000320                HAL_GetTick
 .text.HAL_Delay
                0x0800032c       0x1a Drivers/STM32F4xx_HAL_Driver/Src/stm32f4xx_hal.o
                0x0800032c                HAL_Delay
 *fill*         0x08000346        0x2 
 .text.HAL_NVIC_SetPriorityGrouping
                0x08000348       0x24 Drivers/STM32F4xx_HAL_Driver/Src/stm32f4xx_hal_cortex.o
                0x08000348                HAL_NVIC_SetPriorityGrouping
 .text.HAL_NVIC_SetPriority
                0x0800036c       0x68 Drivers/STM32F4xx_HAL_Driver/Src/stm32f4xx_hal_cortex.o
                0x0800036c                HAL_NVIC_SetPriority
 .text.HAL_NVIC_EnableIRQ
                0x080003d4       0x18 Drivers/STM32F4xx_HAL_Driver/Src/stm32f4xx_hal_cortex.o
                0x080003d4                HAL_NVIC_EnableIRQ
 .text.HAL_SYSTICK_Config
                0x080003ec       0x2c Drivers/STM32F4xx_HAL_Driver/Src/stm32f4xx_hal_cortex.o
                0x080003ec                HAL_SYSTICK_Config
 .text.HAL_SYSTICK_CLKSourceConfig
                0x08000418       0x18 Drivers/STM32F4xx_HAL_Driver/Src/stm32f4xx_hal_cortex.o
                0x08000418                HAL_SYSTICK_CLKSourceConfig
 .text.HAL_GPIO_Init
                0x08000430      0x19c Drivers/STM32F4xx_HAL_Driver/Src/stm32f4xx_hal_gpio.o
                0x08000430                HAL_GPIO_Init
 .text.HAL_GPIO_WritePin
                0x080005cc        0x8 Drivers/STM32F4xx_HAL_Driver/Src/stm32f4xx_hal_gpio.o
                0x080005cc                HAL_GPIO_WritePin
 .text.HAL_I2C_Init
                0x080005d4       0xdc Drivers/STM32F4xx_HAL_Driver/Src/stm32f4xx_hal_i2c.o
                0x080005d4                HAL_I2C_Init
 .text.HAL_PCD_Init
                0x080006b0       0xd8 Drivers/STM32F4xx_HAL_Driver/Src/stm32f4xx_hal_pcd.o
                0x080006b0                HAL_PCD_Init
 .text.HAL_PCD_Start
                0x08000788       0x2a Drivers/STM32F4xx_HAL_Driver/Src/stm32f4xx_hal_pcd.o
                0x08000788                HAL_PCD_Start
 *fill*         0x080007b2        0x2 
 .text.HAL_PCD_IRQHandler
                0x080007b4      0x548 Drivers/STM32F4xx_HAL_Driver/Src/stm32f4xx_hal_pcd.o
                0x080007b4                HAL_PCD_IRQHandler
 .text.HAL_PCD_SetAddress
                0x08000cfc       0x24 Drivers/STM32F4xx_HAL_Driver/Src/stm32f4xx_hal_pcd.o
                0x08000cfc                HAL_PCD_SetAddress
 .text.HAL_PCD_EP_Open
                0x08000d20       0x5e Drivers/STM32F4xx_HAL_Driver/Src/stm32f4xx_hal_pcd.o
                0x08000d20                HAL_PCD_EP_Open
 .text.HAL_PCD_EP_Close
                0x08000d7e       0x48 Drivers/STM32F4xx_HAL_Driver/Src/stm32f4xx_hal_pcd.o
                0x08000d7e                HAL_PCD_EP_Close
 .text.HAL_PCD_EP_Receive
                0x08000dc6       0x62 Drivers/STM32F4xx_HAL_Driver/Src/stm32f4xx_hal_pcd.o
                0x08000dc6                HAL_PCD_EP_Receive
 .text.HAL_PCD_EP_GetRxCount
                0x08000e28       0x10 Drivers/STM32F4xx_HAL_Driver/Src/stm32f4xx_hal_pcd.o
                0x08000e28                HAL_PCD_EP_GetRxCount
 .text.HAL_PCD_EP_Transmit
                0x08000e38       0x5a Drivers/STM32F4xx_HAL_Driver/Src/stm32f4xx_hal_pcd.o
                0x08000e38                HAL_PCD_EP_Transmit
 .text.HAL_PCD_EP_SetStall
                0x08000e92       0x5a Drivers/STM32F4xx_HAL_Driver/Src/stm32f4xx_hal_pcd.o
                0x08000e92                HAL_PCD_EP_SetStall
 .text.HAL_PCD_EP_ClrStall
                0x08000eec       0x4c Drivers/STM32F4xx_HAL_Driver/Src/stm32f4xx_hal_pcd.o
                0x08000eec                HAL_PCD_EP_ClrStall
 .text.HAL_PCDEx_SetTxFiFo
                0x08000f38       0x42 Drivers/STM32F4xx_HAL_Driver/Src/stm32f4xx_hal_pcd_ex.o
                0x08000f38                HAL_PCDEx_SetTxFiFo
 .text.HAL_PCDEx_SetRxFiFo
                0x08000f7a        0x8 Drivers/STM32F4xx_HAL_Driver/Src/stm32f4xx_hal_pcd_ex.o
                0x08000f7a                HAL_PCDEx_SetRxFiFo
 *fill*         0x08000f82        0x2 
 .text.HAL_RCC_OscConfig
                0x08000f84      0x2d0 Drivers/STM32F4xx_HAL_Driver/Src/stm32f4xx_hal_rcc.o
                0x08000f84                HAL_RCC_OscConfig
 .text.HAL_RCC_GetSysClockFreq
                0x08001254       0x7c Drivers/STM32F4xx_HAL_Driver/Src/stm32f4xx_hal_rcc.o
                0x08001254                HAL_RCC_GetSysClockFreq
 .text.HAL_RCC_ClockConfig
                0x080012d0      0x168 Drivers/STM32F4xx_HAL_Driver/Src/stm32f4xx_hal_rcc.o
                0x080012d0                HAL_RCC_ClockConfig
 .text.HAL_RCC_GetHCLKFreq
                0x08001438        0xc Drivers/STM32F4xx_HAL_Driver/Src/stm32f4xx_hal_rcc.o
                0x08001438                HAL_RCC_GetHCLKFreq
 .text.HAL_RCC_GetPCLK1Freq
                0x08001444       0x30 Drivers/STM32F4xx_HAL_Driver/Src/stm32f4xx_hal_rcc.o
                0x08001444                HAL_RCC_GetPCLK1Freq
 .text.HAL_RCC_GetPCLK2Freq
                0x08001474       0x30 Drivers/STM32F4xx_HAL_Driver/Src/stm32f4xx_hal_rcc.o
                0x08001474                HAL_RCC_GetPCLK2Freq
 .text.HAL_RCC_GetClockConfig
                0x080014a4       0x3c Drivers/STM32F4xx_HAL_Driver/Src/stm32f4xx_hal_rcc.o
                0x080014a4                HAL_RCC_GetClockConfig
 .text.HAL_TIM_Base_MspInit
                0x080014e0        0x2 Drivers/STM32F4xx_HAL_Driver/Src/stm32f4xx_hal_tim.o
                0x080014e0                HAL_TIM_Base_MspInit
 .text.HAL_TIM_Base_Start_IT
                0x080014e2       0x16 Drivers/STM32F4xx_HAL_Driver/Src/stm32f4xx_hal_tim.o
                0x080014e2                HAL_TIM_Base_Start_IT
 .text.HAL_TIM_OC_DelayElapsedCallback
                0x080014f8        0x2 Drivers/STM32F4xx_HAL_Driver/Src/stm32f4xx_hal_tim.o
                0x080014f8                HAL_TIM_OC_DelayElapsedCallback
 .text.HAL_TIM_IC_CaptureCallback
                0x080014fa        0x2 Drivers/STM32F4xx_HAL_Driver/Src/stm32f4xx_hal_tim.o
                0x080014fa                HAL_TIM_IC_CaptureCallback
 .text.HAL_TIM_PWM_PulseFinishedCallback
                0x080014fc        0x2 Drivers/STM32F4xx_HAL_Driver/Src/stm32f4xx_hal_tim.o
                0x080014fc                HAL_TIM_PWM_PulseFinishedCallback
 .text.HAL_TIM_TriggerCallback
                0x080014fe        0x2 Drivers/STM32F4xx_HAL_Driver/Src/stm32f4xx_hal_tim.o
                0x080014fe                HAL_TIM_TriggerCallback
 .text.HAL_TIM_IRQHandler
                0x08001500      0x144 Drivers/STM32F4xx_HAL_Driver/Src/stm32f4xx_hal_tim.o
                0x08001500                HAL_TIM_IRQHandler
 .text.TIM_Base_SetConfig
                0x08001644       0x98 Drivers/STM32F4xx_HAL_Driver/Src/stm32f4xx_hal_tim.o
                0x08001644                TIM_Base_SetConfig
 .text.HAL_TIM_Base_Init
                0x080016dc       0x34 Drivers/STM32F4xx_HAL_Driver/Src/stm32f4xx_hal_tim.o
                0x080016dc                HAL_TIM_Base_Init
 .text.HAL_TIMEx_CommutationCallback
                0x08001710        0x2 Drivers/STM32F4xx_HAL_Driver/Src/stm32f4xx_hal_tim_ex.o
                0x08001710                HAL_TIMEx_CommutationCallback
 .text.HAL_TIMEx_BreakCallback
                0x08001712        0x2 Drivers/STM32F4xx_HAL_Driver/Src/stm32f4xx_hal_tim_ex.o
                0x08001712                HAL_TIMEx_BreakCallback
 .text.UART_SetConfig
                0x08001714      0x23c Drivers/STM32F4xx_HAL_Driver/Src/stm32f4xx_hal_uart.o
 .text.HAL_UART_Init
                0x08001950       0x5c Drivers/STM32F4xx_HAL_Driver/Src/stm32f4xx_hal_uart.o
                0x08001950                HAL_UART_Init
 .text.USB_CoreInit
                0x080019ac       0x6c Drivers/STM32F4xx_HAL_Driver/Src/stm32f4xx_ll_usb.o
                0x080019ac                USB_CoreInit
 .text.USB_EnableGlobalInt
                0x08001a18        0xc Drivers/STM32F4xx_HAL_Driver/Src/stm32f4xx_ll_usb.o
                0x08001a18                USB_EnableGlobalInt
 .text.USB_DisableGlobalInt
                0x08001a24        0xc Drivers/STM32F4xx_HAL_Driver/Src/stm32f4xx_ll_usb.o
                0x08001a24                USB_DisableGlobalInt
 .text.USB_SetCurrentMode
                0x08001a30       0x2c Drivers/STM32F4xx_HAL_Driver/Src/stm32f4xx_ll_usb.o
                0x08001a30                USB_SetCurrentMode
 .text.USB_DevInit
                0x08001a5c      0x134 Drivers/STM32F4xx_HAL_Driver/Src/stm32f4xx_ll_usb.o
                0x08001a5c                USB_DevInit
 .text.USB_FlushTxFifo
                0x08001b90       0x24 Drivers/STM32F4xx_HAL_Driver/Src/stm32f4xx_ll_usb.o
                0x08001b90                USB_FlushTxFifo
 .text.USB_FlushRxFifo
                0x08001bb4       0x20 Drivers/STM32F4xx_HAL_Driver/Src/stm32f4xx_ll_usb.o
                0x08001bb4                USB_FlushRxFifo
 .text.USB_SetDevSpeed
                0x08001bd4        0xe Drivers/STM32F4xx_HAL_Driver/Src/stm32f4xx_ll_usb.o
                0x08001bd4                USB_SetDevSpeed
 .text.USB_GetDevSpeed
                0x08001be2       0x36 Drivers/STM32F4xx_HAL_Driver/Src/stm32f4xx_ll_usb.o
                0x08001be2                USB_GetDevSpeed
 .text.USB_ActivateEndpoint
                0x08001c18       0x82 Drivers/STM32F4xx_HAL_Driver/Src/stm32f4xx_ll_usb.o
                0x08001c18                USB_ActivateEndpoint
 .text.USB_DeactivateEndpoint
                0x08001c9a       0x6e Drivers/STM32F4xx_HAL_Driver/Src/stm32f4xx_ll_usb.o
                0x08001c9a                USB_DeactivateEndpoint
 .text.USB_EPStartXfer
                0x08001d08      0x238 Drivers/STM32F4xx_HAL_Driver/Src/stm32f4xx_ll_usb.o
                0x08001d08                USB_EPStartXfer
 .text.USB_EP0StartXfer
                0x08001f40      0x154 Drivers/STM32F4xx_HAL_Driver/Src/stm32f4xx_ll_usb.o
                0x08001f40                USB_EP0StartXfer
 .text.USB_WritePacket
                0x08002094       0x28 Drivers/STM32F4xx_HAL_Driver/Src/stm32f4xx_ll_usb.o
                0x08002094                USB_WritePacket
 .text.USB_ReadPacket
                0x080020bc       0x1c Drivers/STM32F4xx_HAL_Driver/Src/stm32f4xx_ll_usb.o
                0x080020bc                USB_ReadPacket
 .text.USB_EPSetStall
                0x080020d8       0x64 Drivers/STM32F4xx_HAL_Driver/Src/stm32f4xx_ll_usb.o
                0x080020d8                USB_EPSetStall
 .text.USB_EPClearStall
                0x0800213c       0x3c Drivers/STM32F4xx_HAL_Driver/Src/stm32f4xx_ll_usb.o
                0x0800213c                USB_EPClearStall
 .text.USB_SetDevAddress
                0x08002178       0x20 Drivers/STM32F4xx_HAL_Driver/Src/stm32f4xx_ll_usb.o
                0x08002178                USB_SetDevAddress
 .text.USB_DevConnect
                0x08002198       0x18 Drivers/STM32F4xx_HAL_Driver/Src/stm32f4xx_ll_usb.o
                0x08002198                USB_DevConnect
 .text.USB_DevDisconnect
                0x080021b0       0x18 Drivers/STM32F4xx_HAL_Driver/Src/stm32f4xx_ll_usb.o
                0x080021b0                USB_DevDisconnect
 .text.USB_ReadInterrupts
                0x080021c8        0x8 Drivers/STM32F4xx_HAL_Driver/Src/stm32f4xx_ll_usb.o
                0x080021c8                USB_ReadInterrupts
 .text.USB_ReadDevAllOutEpInterrupt
                0x080021d0       0x10 Drivers/STM32F4xx_HAL_Driver/Src/stm32f4xx_ll_usb.o
                0x080021d0                USB_ReadDevAllOutEpInterrupt
 .text.USB_ReadDevAllInEpInterrupt
                0x080021e0       0x10 Drivers/STM32F4xx_HAL_Driver/Src/stm32f4xx_ll_usb.o
                0x080021e0                USB_ReadDevAllInEpInterrupt
 .text.USB_ReadDevOutEPInterrupt
                0x080021f0       0x14 Drivers/STM32F4xx_HAL_Driver/Src/stm32f4xx_ll_usb.o
                0x080021f0                USB_ReadDevOutEPInterrupt
 .text.USB_ReadDevInEPInterrupt
                0x08002204       0x20 Drivers/STM32F4xx_HAL_Driver/Src/stm32f4xx_ll_usb.o
                0x08002204                USB_ReadDevInEPInterrupt
 .text.USB_GetMode
                0x08002224        0x8 Drivers/STM32F4xx_HAL_Driver/Src/stm32f4xx_ll_usb.o
                0x08002224                USB_GetMode
 .text.USB_ActivateSetup
                0x0800222c       0x36 Drivers/STM32F4xx_HAL_Driver/Src/stm32f4xx_ll_usb.o
                0x0800222c                USB_ActivateSetup
 .text.USB_EP0_OutStart
                0x08002262       0x46 Drivers/STM32F4xx_HAL_Driver/Src/stm32f4xx_ll_usb.o
                0x08002262                USB_EP0_OutStart
 .text.USB_CoreReset
                0x080022a8       0x30 Drivers/STM32F4xx_HAL_Driver/Src/stm32f4xx_ll_usb.o
 .text.USBD_CDC_DataIn
                0x080022d8       0x12 Middlewares/ST/STM32_USB_Device_Library/Class/CDC/Src/usbd_cdc.o
 .text.USBD_CDC_EP0_RxReady
                0x080022ea       0x28 Middlewares/ST/STM32_USB_Device_Library/Class/CDC/Src/usbd_cdc.o
 *fill*         0x08002312        0x2 
 .text.USBD_CDC_GetFSCfgDesc
                0x08002314        0xc Middlewares/ST/STM32_USB_Device_Library/Class/CDC/Src/usbd_cdc.o
 .text.USBD_CDC_GetHSCfgDesc
                0x08002320        0xc Middlewares/ST/STM32_USB_Device_Library/Class/CDC/Src/usbd_cdc.o
 .text.USBD_CDC_GetOtherSpeedCfgDesc
                0x0800232c        0xc Middlewares/ST/STM32_USB_Device_Library/Class/CDC/Src/usbd_cdc.o
 .text.USBD_CDC_GetDeviceQualifierDescriptor
                0x08002338        0xc Middlewares/ST/STM32_USB_Device_Library/Class/CDC/Src/usbd_cdc.o
                0x08002338                USBD_CDC_GetDeviceQualifierDescriptor
 .text.USBD_CDC_DataOut
                0x08002344       0x2e Middlewares/ST/STM32_USB_Device_Library/Class/CDC/Src/usbd_cdc.o
 *fill*         0x08002372        0x2 
 .text.USBD_CDC_Setup
                0x08002374       0x6c Middlewares/ST/STM32_USB_Device_Library/Class/CDC/Src/usbd_cdc.o
 .text.USBD_CDC_DeInit
                0x080023e0       0x3a Middlewares/ST/STM32_USB_Device_Library/Class/CDC/Src/usbd_cdc.o
 .text.USBD_CDC_Init
                0x0800241a       0x8c Middlewares/ST/STM32_USB_Device_Library/Class/CDC/Src/usbd_cdc.o
 .text.USBD_CDC_RegisterInterface
                0x080024a6        0xe Middlewares/ST/STM32_USB_Device_Library/Class/CDC/Src/usbd_cdc.o
                0x080024a6                USBD_CDC_RegisterInterface
 .text.USBD_CDC_SetTxBuffer
                0x080024b4       0x10 Middlewares/ST/STM32_USB_Device_Library/Class/CDC/Src/usbd_cdc.o
                0x080024b4                USBD_CDC_SetTxBuffer
 .text.USBD_CDC_SetRxBuffer
                0x080024c4        0xc Middlewares/ST/STM32_USB_Device_Library/Class/CDC/Src/usbd_cdc.o
                0x080024c4                USBD_CDC_SetRxBuffer
 .text.USBD_CDC_TransmitPacket
                0x080024d0       0x2e Middlewares/ST/STM32_USB_Device_Library/Class/CDC/Src/usbd_cdc.o
                0x080024d0                USBD_CDC_TransmitPacket
 .text.USBD_CDC_ReceivePacket
                0x080024fe       0x26 Middlewares/ST/STM32_USB_Device_Library/Class/CDC/Src/usbd_cdc.o
                0x080024fe                USBD_CDC_ReceivePacket
 .text.USBD_Init
                0x08002524       0x2a Middlewares/ST/STM32_USB_Device_Library/Core/Src/usbd_core.o
                0x08002524                USBD_Init
 .text.USBD_RegisterClass
                0x0800254e        0xe Middlewares/ST/STM32_USB_Device_Library/Core/Src/usbd_core.o
                0x0800254e                USBD_RegisterClass
 .text.USBD_Start
                0x0800255c        0xa Middlewares/ST/STM32_USB_Device_Library/Core/Src/usbd_core.o
                0x0800255c                USBD_Start
 .text.USBD_SetClassConfig
                0x08002566       0x16 Middlewares/ST/STM32_USB_Device_Library/Core/Src/usbd_core.o
                0x08002566                USBD_SetClassConfig
 .text.USBD_ClrClassConfig
                0x0800257c        0xe Middlewares/ST/STM32_USB_Device_Library/Core/Src/usbd_core.o
                0x0800257c                USBD_ClrClassConfig
 .text.USBD_LL_SetupStage
                0x0800258a       0x5a Middlewares/ST/STM32_USB_Device_Library/Core/Src/usbd_core.o
                0x0800258a                USBD_LL_SetupStage
 .text.USBD_LL_DataOutStage
                0x080025e4       0x62 Middlewares/ST/STM32_USB_Device_Library/Core/Src/usbd_core.o
                0x080025e4                USBD_LL_DataOutStage
 .text.USBD_LL_DataInStage
                0x08002646       0x9c Middlewares/ST/STM32_USB_Device_Library/Core/Src/usbd_core.o
                0x08002646                USBD_LL_DataInStage
 .text.USBD_LL_Reset
                0x080026e2       0x3e Middlewares/ST/STM32_USB_Device_Library/Core/Src/usbd_core.o
                0x080026e2                USBD_LL_Reset
 .text.USBD_LL_SetSpeed
                0x08002720        0x6 Middlewares/ST/STM32_USB_Device_Library/Core/Src/usbd_core.o
                0x08002720                USBD_LL_SetSpeed
 .text.USBD_LL_Suspend
                0x08002726       0x12 Middlewares/ST/STM32_USB_Device_Library/Core/Src/usbd_core.o
                0x08002726                USBD_LL_Suspend
 .text.USBD_LL_Resume
                0x08002738        0xc Middlewares/ST/STM32_USB_Device_Library/Core/Src/usbd_core.o
                0x08002738                USBD_LL_Resume
 .text.USBD_LL_SOF
                0x08002744       0x18 Middlewares/ST/STM32_USB_Device_Library/Core/Src/usbd_core.o
                0x08002744                USBD_LL_SOF
 .text.USBD_LL_IsoINIncomplete
                0x0800275c        0x4 Middlewares/ST/STM32_USB_Device_Library/Core/Src/usbd_core.o
                0x0800275c                USBD_LL_IsoINIncomplete
 .text.USBD_LL_IsoOUTIncomplete
                0x08002760        0x4 Middlewares/ST/STM32_USB_Device_Library/Core/Src/usbd_core.o
                0x08002760                USBD_LL_IsoOUTIncomplete
 .text.USBD_LL_DevConnected
                0x08002764        0x4 Middlewares/ST/STM32_USB_Device_Library/Core/Src/usbd_core.o
                0x08002764                USBD_LL_DevConnected
 .text.USBD_LL_DevDisconnected
                0x08002768       0x16 Middlewares/ST/STM32_USB_Device_Library/Core/Src/usbd_core.o
                0x08002768                USBD_LL_DevDisconnected
 .text.USBD_ParseSetupRequest
                0x0800277e       0x28 Middlewares/ST/STM32_USB_Device_Library/Core/Src/usbd_ctlreq.o
                0x0800277e                USBD_ParseSetupRequest
 .text.USBD_CtlError
                0x080027a6       0x16 Middlewares/ST/STM32_USB_Device_Library/Core/Src/usbd_ctlreq.o
                0x080027a6                USBD_CtlError
 .text.USBD_StdDevReq
                0x080027bc      0x214 Middlewares/ST/STM32_USB_Device_Library/Core/Src/usbd_ctlreq.o
                0x080027bc                USBD_StdDevReq
 .text.USBD_StdItfReq
                0x080029d0       0x30 Middlewares/ST/STM32_USB_Device_Library/Core/Src/usbd_ctlreq.o
                0x080029d0                USBD_StdItfReq
 .text.USBD_StdEPReq
                0x08002a00       0xc6 Middlewares/ST/STM32_USB_Device_Library/Core/Src/usbd_ctlreq.o
                0x08002a00                USBD_StdEPReq
 .text.USBD_GetString
                0x08002ac6       0x38 Middlewares/ST/STM32_USB_Device_Library/Core/Src/usbd_ctlreq.o
                0x08002ac6                USBD_GetString
 .text.USBD_CtlSendData
                0x08002afe       0x1a Middlewares/ST/STM32_USB_Device_Library/Core/Src/usbd_ioreq.o
                0x08002afe                USBD_CtlSendData
 .text.USBD_CtlContinueSendData
                0x08002b18       0x10 Middlewares/ST/STM32_USB_Device_Library/Core/Src/usbd_ioreq.o
                0x08002b18                USBD_CtlContinueSendData
 .text.USBD_CtlPrepareRx
                0x08002b28       0x1e Middlewares/ST/STM32_USB_Device_Library/Core/Src/usbd_ioreq.o
                0x08002b28                USBD_CtlPrepareRx
 .text.USBD_CtlContinueRx
                0x08002b46       0x10 Middlewares/ST/STM32_USB_Device_Library/Core/Src/usbd_ioreq.o
                0x08002b46                USBD_CtlContinueRx
 .text.USBD_CtlSendStatus
                0x08002b56       0x16 Middlewares/ST/STM32_USB_Device_Library/Core/Src/usbd_ioreq.o
                0x08002b56                USBD_CtlSendStatus
 .text.USBD_CtlReceiveStatus
                0x08002b6c       0x16 Middlewares/ST/STM32_USB_Device_Library/Core/Src/usbd_ioreq.o
                0x08002b6c                USBD_CtlReceiveStatus
 .text.osSystickHandler
                0x08002b82       0x14 Middlewares/Third_Party/FreeRTOS/Source/CMSIS_RTOS/cmsis_os.o
                0x08002b82                osSystickHandler
 .text.vListInitialise
                0x08002b96       0x16 Middlewares/Third_Party/FreeRTOS/Source/list.o
                0x08002b96                vListInitialise
 .text.vListInitialiseItem
                0x08002bac        0x6 Middlewares/Third_Party/FreeRTOS/Source/list.o
                0x08002bac                vListInitialiseItem
 .text.vListInsertEnd
                0x08002bb2       0x18 Middlewares/Third_Party/FreeRTOS/Source/list.o
                0x08002bb2                vListInsertEnd
 .text.vListInsert
                0x08002bca       0x30 Middlewares/Third_Party/FreeRTOS/Source/list.o
                0x08002bca                vListInsert
 .text.uxListRemove
                0x08002bfa       0x20 Middlewares/Third_Party/FreeRTOS/Source/list.o
                0x08002bfa                uxListRemove
 *fill*         0x08002c1a        0x2 
 .text.prvResetNextTaskUnblockTime
                0x08002c1c       0x20 Middlewares/Third_Party/FreeRTOS/Source/tasks.o
 .text.prvAddCurrentTaskToDelayedList
                0x08002c3c       0x38 Middlewares/Third_Party/FreeRTOS/Source/tasks.o
 .text.xTaskGenericCreate.part.5
                0x08002c74      0x1a0 Middlewares/Third_Party/FreeRTOS/Source/tasks.o
 .text.xTaskGenericCreate
                0x08002e14       0x3c Middlewares/Third_Party/FreeRTOS/Source/tasks.o
                0x08002e14                xTaskGenericCreate
 .text.vTaskStartScheduler
                0x08002e50       0x68 Middlewares/Third_Party/FreeRTOS/Source/tasks.o
                0x08002e50                vTaskStartScheduler
 .text.vTaskSuspendAll
                0x08002eb8       0x14 Middlewares/Third_Party/FreeRTOS/Source/tasks.o
                0x08002eb8                vTaskSuspendAll
 .text.xTaskIncrementTick
                0x08002ecc       0xf4 Middlewares/Third_Party/FreeRTOS/Source/tasks.o
                0x08002ecc                xTaskIncrementTick
 .text.xTaskResumeAll
                0x08002fc0       0xe8 Middlewares/Third_Party/FreeRTOS/Source/tasks.o
                0x08002fc0                xTaskResumeAll
 .text.vTaskDelay
                0x080030a8       0x70 Middlewares/Third_Party/FreeRTOS/Source/tasks.o
                0x080030a8                vTaskDelay
 .text.prvIdleTask
                0x08003118       0x70 Middlewares/Third_Party/FreeRTOS/Source/tasks.o
 .text.vTaskSwitchContext
                0x08003188       0x68 Middlewares/Third_Party/FreeRTOS/Source/tasks.o
                0x08003188                vTaskSwitchContext
 .text.xTaskGetSchedulerState
                0x080031f0       0x20 Middlewares/Third_Party/FreeRTOS/Source/tasks.o
                0x080031f0                xTaskGetSchedulerState
 .text.prvTaskExitError
                0x08003210       0x30 Middlewares/Third_Party/FreeRTOS/Source/portable/GCC/ARM_CM4F/port.o
 .text.prvPortStartFirstTask
                0x08003240       0x20 Middlewares/Third_Party/FreeRTOS/Source/portable/GCC/ARM_CM4F/port.o
 .text.vPortEnableVFP
                0x08003260       0x14 Middlewares/Third_Party/FreeRTOS/Source/portable/GCC/ARM_CM4F/port.o
 .text.pxPortInitialiseStack
                0x08003274       0x24 Middlewares/Third_Party/FreeRTOS/Source/portable/GCC/ARM_CM4F/port.o
                0x08003274                pxPortInitialiseStack
 .text.SVC_Handler
                0x08003298       0x20 Middlewares/Third_Party/FreeRTOS/Source/portable/GCC/ARM_CM4F/port.o
                0x08003298                SVC_Handler
 .text.vPortEnterCritical
                0x080032b8       0x44 Middlewares/Third_Party/FreeRTOS/Source/portable/GCC/ARM_CM4F/port.o
                0x080032b8                vPortEnterCritical
 .text.vPortExitCritical
                0x080032fc       0x28 Middlewares/Third_Party/FreeRTOS/Source/portable/GCC/ARM_CM4F/port.o
                0x080032fc                vPortExitCritical
 .text.PendSV_Handler
                0x08003324       0x60 Middlewares/Third_Party/FreeRTOS/Source/portable/GCC/ARM_CM4F/port.o
                0x08003324                PendSV_Handler
 .text.xPortSysTickHandler
                0x08003384       0x30 Middlewares/Third_Party/FreeRTOS/Source/portable/GCC/ARM_CM4F/port.o
                0x08003384                xPortSysTickHandler
 .text.vPortSetupTimerInterrupt
                0x080033b4       0x28 Middlewares/Third_Party/FreeRTOS/Source/portable/GCC/ARM_CM4F/port.o
                0x080033b4                vPortSetupTimerInterrupt
 .text.xPortStartScheduler
                0x080033dc       0xe4 Middlewares/Third_Party/FreeRTOS/Source/portable/GCC/ARM_CM4F/port.o
                0x080033dc                xPortStartScheduler
 .text.unlikely.prvInsertBlockIntoFreeList
                0x080034c0       0x44 Middlewares/Third_Party/FreeRTOS/Source/portable/MemMang/heap_4.o
 .text.pvPortMalloc
                0x08003504      0x120 Middlewares/Third_Party/FreeRTOS/Source/portable/MemMang/heap_4.o
                0x08003504                pvPortMalloc
 .text.vPortFree
                0x08003624       0x70 Middlewares/Third_Party/FreeRTOS/Source/portable/MemMang/heap_4.o
                0x08003624                vPortFree
 .text.initTask
                0x08003694       0x64 Src/main.o
 .text.SystemClock_Config
                0x080036f8       0xac Src/main.o
                0x080036f8                SystemClock_Config
 .text.startup.main
                0x080037a4      0x240 Src/main.o
                0x080037a4                main
 .text.HAL_TIM_PeriodElapsedCallback
                0x080039e4       0x14 Src/main.o
                0x080039e4                HAL_TIM_PeriodElapsedCallback
 .text.Error_Handler
                0x080039f8        0x2 Src/main.o
                0x080039f8                Error_Handler
 .text.HAL_MspInit
                0x080039fa       0x60 Src/stm32f4xx_hal_msp.o
                0x080039fa                HAL_MspInit
 *fill*         0x08003a5a        0x2 
 .text.HAL_I2C_MspInit
                0x08003a5c       0x54 Src/stm32f4xx_hal_msp.o
                0x08003a5c                HAL_I2C_MspInit
 .text.HAL_UART_MspInit
                0x08003ab0       0x6c Src/stm32f4xx_hal_msp.o
                0x08003ab0                HAL_UART_MspInit
 .text.HAL_InitTick
                0x08003b1c       0x78 Src/stm32f4xx_hal_timebase_TIM.o
                0x08003b1c                HAL_InitTick
 .text.SysTick_Handler
                0x08003b94        0x4 Src/stm32f4xx_it.o
                0x08003b94                SysTick_Handler
 .text.TIM1_UP_TIM10_IRQHandler
                0x08003b98        0xc Src/stm32f4xx_it.o
                0x08003b98                TIM1_UP_TIM10_IRQHandler
 .text.OTG_FS_IRQHandler
                0x08003ba4        0xc Src/stm32f4xx_it.o
                0x08003ba4                OTG_FS_IRQHandler
 .text.MX_USB_DEVICE_Init
                0x08003bb0       0x38 Src/usb_device.o
                0x08003bb0                MX_USB_DEVICE_Init
 .text.CDC_DeInit_FS
                0x08003be8        0x4 Src/usbd_cdc_if.o
 .text.CDC_Control_FS
                0x08003bec        0x4 Src/usbd_cdc_if.o
 .text.CDC_Receive_FS
                0x08003bf0       0x1c Src/usbd_cdc_if.o
 .text.CDC_Init_FS
                0x08003c0c       0x28 Src/usbd_cdc_if.o
 .text.CDC_Transmit_FS
                0x08003c34       0x2c Src/usbd_cdc_if.o
                0x08003c34                CDC_Transmit_FS
 .text.HAL_PCD_MspInit
                0x08003c60       0x78 Src/usbd_conf.o
                0x08003c60                HAL_PCD_MspInit
 .text.HAL_PCD_SetupStageCallback
                0x08003cd8        0xc Src/usbd_conf.o
                0x08003cd8                HAL_PCD_SetupStageCallback
 .text.HAL_PCD_DataOutStageCallback
                0x08003ce4       0x12 Src/usbd_conf.o
                0x08003ce4                HAL_PCD_DataOutStageCallback
 .text.HAL_PCD_DataInStageCallback
                0x08003cf6       0x10 Src/usbd_conf.o
                0x08003cf6                HAL_PCD_DataInStageCallback
 .text.HAL_PCD_SOFCallback
                0x08003d06        0x8 Src/usbd_conf.o
                0x08003d06                HAL_PCD_SOFCallback
 .text.HAL_PCD_ResetCallback
                0x08003d0e       0x20 Src/usbd_conf.o
                0x08003d0e                HAL_PCD_ResetCallback
 *fill*         0x08003d2e        0x2 
 .text.HAL_PCD_SuspendCallback
                0x08003d30       0x30 Src/usbd_conf.o
                0x08003d30                HAL_PCD_SuspendCallback
 .text.HAL_PCD_ResumeCallback
                0x08003d60        0x8 Src/usbd_conf.o
                0x08003d60                HAL_PCD_ResumeCallback
 .text.HAL_PCD_ISOOUTIncompleteCallback
                0x08003d68        0x8 Src/usbd_conf.o
                0x08003d68                HAL_PCD_ISOOUTIncompleteCallback
 .text.HAL_PCD_ISOINIncompleteCallback
                0x08003d70        0x8 Src/usbd_conf.o
                0x08003d70                HAL_PCD_ISOINIncompleteCallback
 .text.HAL_PCD_ConnectCallback
                0x08003d78        0x8 Src/usbd_conf.o
                0x08003d78                HAL_PCD_ConnectCallback
 .text.HAL_PCD_DisconnectCallback
                0x08003d80        0x8 Src/usbd_conf.o
                0x08003d80                HAL_PCD_DisconnectCallback
 .text.USBD_LL_Init
                0x08003d88       0x60 Src/usbd_conf.o
                0x08003d88                USBD_LL_Init
 .text.USBD_LL_Start
                0x08003de8        0xe Src/usbd_conf.o
                0x08003de8                USBD_LL_Start
 .text.USBD_LL_OpenEP
                0x08003df6       0x14 Src/usbd_conf.o
                0x08003df6                USBD_LL_OpenEP
 .text.USBD_LL_CloseEP
                0x08003e0a        0xe Src/usbd_conf.o
                0x08003e0a                USBD_LL_CloseEP
 .text.USBD_LL_StallEP
                0x08003e18        0xe Src/usbd_conf.o
                0x08003e18                USBD_LL_StallEP
 .text.USBD_LL_ClearStallEP
                0x08003e26        0xe Src/usbd_conf.o
                0x08003e26                USBD_LL_ClearStallEP
 .text.USBD_LL_IsStallEP
                0x08003e34       0x26 Src/usbd_conf.o
                0x08003e34                USBD_LL_IsStallEP
 .text.USBD_LL_SetUSBAddress
                0x08003e5a        0xe Src/usbd_conf.o
                0x08003e5a                USBD_LL_SetUSBAddress
 .text.USBD_LL_Transmit
                0x08003e68        0xe Src/usbd_conf.o
                0x08003e68                USBD_LL_Transmit
 .text.USBD_LL_PrepareReceive
                0x08003e76        0xe Src/usbd_conf.o
                0x08003e76                USBD_LL_PrepareReceive
 .text.USBD_LL_GetRxDataSize
                0x08003e84        0xc Src/usbd_conf.o
                0x08003e84                USBD_LL_GetRxDataSize
 .text.USBD_FS_DeviceDescriptor
                0x08003e90        0xc Src/usbd_desc.o
                0x08003e90                USBD_FS_DeviceDescriptor
 .text.USBD_FS_LangIDStrDescriptor
                0x08003e9c        0xc Src/usbd_desc.o
                0x08003e9c                USBD_FS_LangIDStrDescriptor
 .text.USBD_FS_ManufacturerStrDescriptor
                0x08003ea8       0x1c Src/usbd_desc.o
                0x08003ea8                USBD_FS_ManufacturerStrDescriptor
 .text.USBD_FS_ProductStrDescriptor
                0x08003ec4       0x1c Src/usbd_desc.o
                0x08003ec4                USBD_FS_ProductStrDescriptor
 .text.USBD_FS_SerialStrDescriptor
                0x08003ee0       0x1c Src/usbd_desc.o
                0x08003ee0                USBD_FS_SerialStrDescriptor
 .text.USBD_FS_ConfigStrDescriptor
                0x08003efc       0x1c Src/usbd_desc.o
                0x08003efc                USBD_FS_ConfigStrDescriptor
 .text.USBD_FS_InterfaceStrDescriptor
                0x08003f18       0x1c Src/usbd_desc.o
                0x08003f18                USBD_FS_InterfaceStrDescriptor
 .text.__libc_init_array
                0x08003f34       0x4c c:/ac6/systemworkbench/plugins/fr.ac6.mcu.externaltools.arm-none.win32_1.7.0.201602121829/tools/compiler/bin/../lib/gcc/arm-none-eabi/5.2.1/../../../../arm-none-eabi/lib/armv7e-m/fpu\libc_nano.a(lib_a-init.o)
                0x08003f34                __libc_init_array
 .text.malloc   0x08003f80       0x10 c:/ac6/systemworkbench/plugins/fr.ac6.mcu.externaltools.arm-none.win32_1.7.0.201602121829/tools/compiler/bin/../lib/gcc/arm-none-eabi/5.2.1/../../../../arm-none-eabi/lib/armv7e-m/fpu\libc_nano.a(lib_a-malloc.o)
                0x08003f80                malloc
 .text.free     0x08003f90       0x10 c:/ac6/systemworkbench/plugins/fr.ac6.mcu.externaltools.arm-none.win32_1.7.0.201602121829/tools/compiler/bin/../lib/gcc/arm-none-eabi/5.2.1/../../../../arm-none-eabi/lib/armv7e-m/fpu\libc_nano.a(lib_a-malloc.o)
                0x08003f90                free
 .text.memset   0x08003fa0       0x10 c:/ac6/systemworkbench/plugins/fr.ac6.mcu.externaltools.arm-none.win32_1.7.0.201602121829/tools/compiler/bin/../lib/gcc/arm-none-eabi/5.2.1/../../../../arm-none-eabi/lib/armv7e-m/fpu\libc_nano.a(lib_a-memset.o)
                0x08003fa0                memset
 .text._free_r  0x08003fb0       0x8c c:/ac6/systemworkbench/plugins/fr.ac6.mcu.externaltools.arm-none.win32_1.7.0.201602121829/tools/compiler/bin/../lib/gcc/arm-none-eabi/5.2.1/../../../../arm-none-eabi/lib/armv7e-m/fpu\libc_nano.a(lib_a-nano-freer.o)
                0x08003fb0                _free_r
 .text._malloc_r
                0x0800403c       0xa8 c:/ac6/systemworkbench/plugins/fr.ac6.mcu.externaltools.arm-none.win32_1.7.0.201602121829/tools/compiler/bin/../lib/gcc/arm-none-eabi/5.2.1/../../../../arm-none-eabi/lib/armv7e-m/fpu\libc_nano.a(lib_a-nano-mallocr.o)
                0x0800403c                _malloc_r
 .text._sbrk_r  0x080040e4       0x20 c:/ac6/systemworkbench/plugins/fr.ac6.mcu.externaltools.arm-none.win32_1.7.0.201602121829/tools/compiler/bin/../lib/gcc/arm-none-eabi/5.2.1/../../../../arm-none-eabi/lib/armv7e-m/fpu\libc_nano.a(lib_a-sbrkr.o)
                0x080040e4                _sbrk_r
 .text._sbrk    0x08004104       0x1c c:/ac6/systemworkbench/plugins/fr.ac6.mcu.externaltools.arm-none.win32_1.7.0.201602121829/tools/compiler/bin/../lib/gcc/arm-none-eabi/5.2.1/../../../../arm-none-eabi/lib/armv7e-m/fpu\libnosys.a(sbrk.o)
                0x08004104                _sbrk
 *(.glue_7)
 .glue_7        0x08004120        0x0 linker stubs
 *(.glue_7t)
 .glue_7t       0x08004120        0x0 linker stubs
 *(.eh_frame)
 .eh_frame      0x08004120        0x0 c:/ac6/systemworkbench/plugins/fr.ac6.mcu.externaltools.arm-none.win32_1.7.0.201602121829/tools/compiler/bin/../lib/gcc/arm-none-eabi/5.2.1/armv7e-m/fpu/crtbegin.o
 *(.init)
 .init          0x08004120        0x4 c:/ac6/systemworkbench/plugins/fr.ac6.mcu.externaltools.arm-none.win32_1.7.0.201602121829/tools/compiler/bin/../lib/gcc/arm-none-eabi/5.2.1/armv7e-m/fpu/crti.o
                0x08004120                _init
 .init          0x08004124        0x8 c:/ac6/systemworkbench/plugins/fr.ac6.mcu.externaltools.arm-none.win32_1.7.0.201602121829/tools/compiler/bin/../lib/gcc/arm-none-eabi/5.2.1/armv7e-m/fpu/crtn.o
 *(.fini)
 .fini          0x0800412c        0x4 c:/ac6/systemworkbench/plugins/fr.ac6.mcu.externaltools.arm-none.win32_1.7.0.201602121829/tools/compiler/bin/../lib/gcc/arm-none-eabi/5.2.1/armv7e-m/fpu/crti.o
                0x0800412c                _fini
 .fini          0x08004130        0x8 c:/ac6/systemworkbench/plugins/fr.ac6.mcu.externaltools.arm-none.win32_1.7.0.201602121829/tools/compiler/bin/../lib/gcc/arm-none-eabi/5.2.1/armv7e-m/fpu/crtn.o
                0x08004138                . = ALIGN (0x4)
                0x08004138                _etext = .

.vfp11_veneer   0x08004138        0x0
 .vfp11_veneer  0x08004138        0x0 linker stubs

.v4_bx          0x08004138        0x0
 .v4_bx         0x08004138        0x0 linker stubs

.iplt           0x08004138        0x0
 .iplt          0x08004138        0x0 c:/ac6/systemworkbench/plugins/fr.ac6.mcu.externaltools.arm-none.win32_1.7.0.201602121829/tools/compiler/bin/../lib/gcc/arm-none-eabi/5.2.1/armv7e-m/fpu/crtbegin.o

.rodata         0x08004138       0x70
                0x08004138                . = ALIGN (0x4)
 *(.rodata)
 .rodata        0x08004138       0x10 Drivers/STM32F4xx_HAL_Driver/Src/stm32f4xx_hal_rcc.o
                0x08004138                APBAHBPrescTable
 *(.rodata*)
 .rodata.str1.1
                0x08004148        0x5 Middlewares/Third_Party/FreeRTOS/Source/tasks.o
 .rodata.str1.1
                0x0800414d        0x8 Src/main.o
 .rodata.str1.1
                0x08004155       0x4f Src/usbd_desc.o
 .rodata.str1.1
                0x080041a4        0x2 c:/ac6/systemworkbench/plugins/fr.ac6.mcu.externaltools.arm-none.win32_1.7.0.201602121829/tools/compiler/bin/../lib/gcc/arm-none-eabi/5.2.1/../../../../arm-none-eabi/lib/armv7e-m/fpu\libc_nano.a(lib_a-impure.o)
                0x080041a8                . = ALIGN (0x4)
 *fill*         0x080041a6        0x2 

.rel.dyn        0x080041a8        0x0
 .rel.iplt      0x080041a8        0x0 c:/ac6/systemworkbench/plugins/fr.ac6.mcu.externaltools.arm-none.win32_1.7.0.201602121829/tools/compiler/bin/../lib/gcc/arm-none-eabi/5.2.1/armv7e-m/fpu/crtbegin.o

.ARM.extab
 *(.ARM.extab* .gnu.linkonce.armextab.*)

.ARM            0x080041a8        0x0
                0x080041a8                __exidx_start = .
 *(.ARM.exidx*)
                0x080041a8                __exidx_end = .

.preinit_array  0x080041a8        0x0
                0x080041a8                PROVIDE (__preinit_array_start, .)
 *(.preinit_array*)
                0x080041a8                PROVIDE (__preinit_array_end, .)

.init_array     0x080041a8        0x4
                0x080041a8                PROVIDE (__init_array_start, .)
 *(SORT(.init_array.*))
 *(.init_array*)
 .init_array    0x080041a8        0x4 c:/ac6/systemworkbench/plugins/fr.ac6.mcu.externaltools.arm-none.win32_1.7.0.201602121829/tools/compiler/bin/../lib/gcc/arm-none-eabi/5.2.1/armv7e-m/fpu/crtbegin.o
                0x080041ac                PROVIDE (__init_array_end, .)

.fini_array     0x080041ac        0x4
                [!provide]                PROVIDE (__fini_array_start, .)
 *(SORT(.fini_array.*))
 *(.fini_array*)
 .fini_array    0x080041ac        0x4 c:/ac6/systemworkbench/plugins/fr.ac6.mcu.externaltools.arm-none.win32_1.7.0.201602121829/tools/compiler/bin/../lib/gcc/arm-none-eabi/5.2.1/armv7e-m/fpu/crtbegin.o
                [!provide]                PROVIDE (__fini_array_end, .)
                0x080041b0                _sidata = LOADADDR (.data)

.data           0x20000000      0x1c0 load address 0x080041b0
                0x20000000                . = ALIGN (0x4)
                0x20000000                _sdata = .
 *(.data)
 .data          0x20000000        0x4 Drivers/CMSIS/Device/ST/STM32F4xx/Source/Templates/system_stm32f4xx.o
                0x20000000                SystemCoreClock
 .data          0x20000004      0x110 Middlewares/ST/STM32_USB_Device_Library/Class/CDC/Src/usbd_cdc.o
                0x20000004                USBD_CDC_CfgFSDesc
                0x20000048                USBD_CDC_CfgHSDesc
                0x2000008c                USBD_CDC_OtherSpeedCfgDesc
                0x200000dc                USBD_CDC
 .data          0x20000114        0x4 Middlewares/Third_Party/FreeRTOS/Source/portable/GCC/ARM_CM4F/port.o
 .data          0x20000118       0x10 Src/usbd_cdc_if.o
                0x20000118                USBD_Interface_fops_FS
 .data          0x20000128       0x34 Src/usbd_desc.o
                0x20000128                USBD_FS_DeviceDesc
                0x2000013c                USBD_LangIDDesc
                0x20000140                FS_Desc
 *(.data*)
 .data.impure_data
                0x2000015c       0x60 c:/ac6/systemworkbench/plugins/fr.ac6.mcu.externaltools.arm-none.win32_1.7.0.201602121829/tools/compiler/bin/../lib/gcc/arm-none-eabi/5.2.1/../../../../arm-none-eabi/lib/armv7e-m/fpu\libc_nano.a(lib_a-impure.o)
 .data._impure_ptr
                0x200001bc        0x4 c:/ac6/systemworkbench/plugins/fr.ac6.mcu.externaltools.arm-none.win32_1.7.0.201602121829/tools/compiler/bin/../lib/gcc/arm-none-eabi/5.2.1/../../../../arm-none-eabi/lib/armv7e-m/fpu\libc_nano.a(lib_a-impure.o)
                0x200001bc                _impure_ptr
                0x200001c0                . = ALIGN (0x4)
                0x200001c0                _edata = .

.jcr            0x200001c0        0x0 load address 0x08004370
 .jcr           0x200001c0        0x0 c:/ac6/systemworkbench/plugins/fr.ac6.mcu.externaltools.arm-none.win32_1.7.0.201602121829/tools/compiler/bin/../lib/gcc/arm-none-eabi/5.2.1/armv7e-m/fpu/crtbegin.o

.tm_clone_table
                0x200001c0        0x0 load address 0x08004370
 .tm_clone_table
                0x200001c0        0x0 c:/ac6/systemworkbench/plugins/fr.ac6.mcu.externaltools.arm-none.win32_1.7.0.201602121829/tools/compiler/bin/../lib/gcc/arm-none-eabi/5.2.1/armv7e-m/fpu/crtbegin.o
 .tm_clone_table
                0x200001c0        0x0 c:/ac6/systemworkbench/plugins/fr.ac6.mcu.externaltools.arm-none.win32_1.7.0.201602121829/tools/compiler/bin/../lib/gcc/arm-none-eabi/5.2.1/armv7e-m/fpu/crtend.o

.igot.plt       0x200001c0        0x0 load address 0x08004370
 .igot.plt      0x200001c0        0x0 c:/ac6/systemworkbench/plugins/fr.ac6.mcu.externaltools.arm-none.win32_1.7.0.201602121829/tools/compiler/bin/../lib/gcc/arm-none-eabi/5.2.1/armv7e-m/fpu/crtbegin.o
                0x200001c0                . = ALIGN (0x4)

.bss            0x200001c0     0x8234 load address 0x08004370
                0x200001c0                _sbss = .
                0x200001c0                __bss_start__ = _sbss
 *(.bss)
 .bss           0x200001c0       0x1c c:/ac6/systemworkbench/plugins/fr.ac6.mcu.externaltools.arm-none.win32_1.7.0.201602121829/tools/compiler/bin/../lib/gcc/arm-none-eabi/5.2.1/armv7e-m/fpu/crtbegin.o
 .bss           0x200001dc        0x1 Middlewares/ST/STM32_USB_Device_Library/Class/CDC/Src/usbd_cdc.o
 .bss           0x200001dd        0x1 Middlewares/ST/STM32_USB_Device_Library/Core/Src/usbd_ctlreq.o
 *fill*         0x200001de        0x2 
 .bss           0x200001e0      0x128 Middlewares/Third_Party/FreeRTOS/Source/tasks.o
                0x200001e8                pxCurrentTCB
 .bss           0x20000308        0x8 Middlewares/Third_Party/FreeRTOS/Source/portable/GCC/ARM_CM4F/port.o
 .bss           0x20000310     0x7818 Middlewares/Third_Party/FreeRTOS/Source/portable/MemMang/heap_4.o
 *(.bss*)
 .bss.__malloc_sbrk_start
                0x20007b28        0x4 c:/ac6/systemworkbench/plugins/fr.ac6.mcu.externaltools.arm-none.win32_1.7.0.201602121829/tools/compiler/bin/../lib/gcc/arm-none-eabi/5.2.1/../../../../arm-none-eabi/lib/armv7e-m/fpu\libc_nano.a(lib_a-nano-mallocr.o)
                0x20007b28                __malloc_sbrk_start
 .bss.__malloc_free_list
                0x20007b2c        0x4 c:/ac6/systemworkbench/plugins/fr.ac6.mcu.externaltools.arm-none.win32_1.7.0.201602121829/tools/compiler/bin/../lib/gcc/arm-none-eabi/5.2.1/../../../../arm-none-eabi/lib/armv7e-m/fpu\libc_nano.a(lib_a-nano-mallocr.o)
                0x20007b2c                __malloc_free_list
 .bss.heap_end.4169
                0x20007b30        0x4 c:/ac6/systemworkbench/plugins/fr.ac6.mcu.externaltools.arm-none.win32_1.7.0.201602121829/tools/compiler/bin/../lib/gcc/arm-none-eabi/5.2.1/../../../../arm-none-eabi/lib/armv7e-m/fpu\libnosys.a(sbrk.o)
 *(COMMON)
 COMMON         0x20007b34        0x4 Drivers/STM32F4xx_HAL_Driver/Src/stm32f4xx_hal.o
                0x20007b34                uwTick
 COMMON         0x20007b38       0x98 Src/main.o
                0x20007b38                defaultTaskHandle
                0x20007b3c                hi2c1
                0x20007b90                huart1
 COMMON         0x20007bd0       0x3c Src/stm32f4xx_hal_timebase_TIM.o
                0x20007bd0                htim1
 COMMON         0x20007c0c      0x224 Src/usb_device.o
                0x20007c0c                hUsbDeviceFS
 COMMON         0x20007e30        0x8 Src/usbd_cdc_if.o
                0x20007e30                UserRxBufferFS
                0x20007e34                UserTxBufferFS
 COMMON         0x20007e38      0x3b8 Src/usbd_conf.o
                0x20007e38                hpcd_USB_OTG_FS
 COMMON         0x200081f0      0x200 Src/usbd_desc.o
                0x200081f0                USBD_StrDesc
 COMMON         0x200083f0        0x4 c:/ac6/systemworkbench/plugins/fr.ac6.mcu.externaltools.arm-none.win32_1.7.0.201602121829/tools/compiler/bin/../lib/gcc/arm-none-eabi/5.2.1/../../../../arm-none-eabi/lib/armv7e-m/fpu\libc_nano.a(lib_a-reent.o)
                0x200083f0                errno
                0x200083f4                . = ALIGN (0x4)
                0x200083f4                _ebss = .
                0x200083f4                __bss_end__ = _ebss

._user_heap_stack
                0x200083f4      0x604 load address 0x08004370
                0x200083f8                . = ALIGN (0x8)
 *fill*         0x200083f4        0x4 
                0x200083f8                PROVIDE (end, .)
                [!provide]                PROVIDE (_end, .)
                0x200085f8                . = (. + _Min_Heap_Size)
 *fill*         0x200083f8      0x200 
                0x200089f8                . = (. + _Min_Stack_Size)
 *fill*         0x200085f8      0x400 
                0x200089f8                . = ALIGN (0x8)

/DISCARD/
 libc.a(*)
 libm.a(*)
 libgcc.a(*)

.ARM.attributes
                0x00000000       0x30
 *(.ARM.attributes)
 .ARM.attributes
                0x00000000       0x22 c:/ac6/systemworkbench/plugins/fr.ac6.mcu.externaltools.arm-none.win32_1.7.0.201602121829/tools/compiler/bin/../lib/gcc/arm-none-eabi/5.2.1/armv7e-m/fpu/crti.o
 .ARM.attributes
                0x00000022       0x34 c:/ac6/systemworkbench/plugins/fr.ac6.mcu.externaltools.arm-none.win32_1.7.0.201602121829/tools/compiler/bin/../lib/gcc/arm-none-eabi/5.2.1/armv7e-m/fpu/crtbegin.o
 .ARM.attributes
                0x00000056       0x21 Drivers/CMSIS/Device/ST/STM32F4xx/Source/Templates/gcc/startup_stm32f411xe.o
 .ARM.attributes
                0x00000077       0x39 Drivers/CMSIS/Device/ST/STM32F4xx/Source/Templates/system_stm32f4xx.o
 .ARM.attributes
                0x000000b0       0x39 Drivers/STM32F4xx_HAL_Driver/Src/stm32f4xx_hal.o
 .ARM.attributes
                0x000000e9       0x39 Drivers/STM32F4xx_HAL_Driver/Src/stm32f4xx_hal_cortex.o
 .ARM.attributes
                0x00000122       0x39 Drivers/STM32F4xx_HAL_Driver/Src/stm32f4xx_hal_gpio.o
 .ARM.attributes
                0x0000015b       0x39 Drivers/STM32F4xx_HAL_Driver/Src/stm32f4xx_hal_i2c.o
 .ARM.attributes
                0x00000194       0x39 Drivers/STM32F4xx_HAL_Driver/Src/stm32f4xx_hal_pcd.o
 .ARM.attributes
                0x000001cd       0x39 Drivers/STM32F4xx_HAL_Driver/Src/stm32f4xx_hal_pcd_ex.o
 .ARM.attributes
                0x00000206       0x39 Drivers/STM32F4xx_HAL_Driver/Src/stm32f4xx_hal_rcc.o
 .ARM.attributes
                0x0000023f       0x39 Drivers/STM32F4xx_HAL_Driver/Src/stm32f4xx_hal_tim.o
 .ARM.attributes
                0x00000278       0x39 Drivers/STM32F4xx_HAL_Driver/Src/stm32f4xx_hal_tim_ex.o
 .ARM.attributes
                0x000002b1       0x39 Drivers/STM32F4xx_HAL_Driver/Src/stm32f4xx_hal_uart.o
 .ARM.attributes
                0x000002ea       0x39 Drivers/STM32F4xx_HAL_Driver/Src/stm32f4xx_ll_usb.o
 .ARM.attributes
                0x00000323       0x39 Middlewares/ST/STM32_USB_Device_Library/Class/CDC/Src/usbd_cdc.o
 .ARM.attributes
                0x0000035c       0x39 Middlewares/ST/STM32_USB_Device_Library/Core/Src/usbd_core.o
 .ARM.attributes
                0x00000395       0x39 Middlewares/ST/STM32_USB_Device_Library/Core/Src/usbd_ctlreq.o
 .ARM.attributes
                0x000003ce       0x39 Middlewares/ST/STM32_USB_Device_Library/Core/Src/usbd_ioreq.o
 .ARM.attributes
                0x00000407       0x39 Middlewares/Third_Party/FreeRTOS/Source/CMSIS_RTOS/cmsis_os.o
 .ARM.attributes
                0x00000440       0x39 Middlewares/Third_Party/FreeRTOS/Source/list.o
 .ARM.attributes
                0x00000479       0x39 Middlewares/Third_Party/FreeRTOS/Source/tasks.o
 .ARM.attributes
                0x000004b2       0x39 Middlewares/Third_Party/FreeRTOS/Source/portable/GCC/ARM_CM4F/port.o
 .ARM.attributes
                0x000004eb       0x39 Middlewares/Third_Party/FreeRTOS/Source/portable/MemMang/heap_4.o
 .ARM.attributes
                0x00000524       0x39 Src/main.o
 .ARM.attributes
                0x0000055d       0x39 Src/stm32f4xx_hal_msp.o
 .ARM.attributes
                0x00000596       0x39 Src/stm32f4xx_hal_timebase_TIM.o
 .ARM.attributes
                0x000005cf       0x39 Src/stm32f4xx_it.o
 .ARM.attributes
                0x00000608       0x39 Src/usb_device.o
 .ARM.attributes
                0x00000641       0x39 Src/usbd_cdc_if.o
 .ARM.attributes
                0x0000067a       0x39 Src/usbd_conf.o
 .ARM.attributes
                0x000006b3       0x39 Src/usbd_desc.o
 .ARM.attributes
                0x000006ec       0x34 c:/ac6/systemworkbench/plugins/fr.ac6.mcu.externaltools.arm-none.win32_1.7.0.201602121829/tools/compiler/bin/../lib/gcc/arm-none-eabi/5.2.1/../../../../arm-none-eabi/lib/armv7e-m/fpu\libc_nano.a(lib_a-impure.o)
 .ARM.attributes
                0x00000720       0x34 c:/ac6/systemworkbench/plugins/fr.ac6.mcu.externaltools.arm-none.win32_1.7.0.201602121829/tools/compiler/bin/../lib/gcc/arm-none-eabi/5.2.1/../../../../arm-none-eabi/lib/armv7e-m/fpu\libc_nano.a(lib_a-init.o)
 .ARM.attributes
                0x00000754       0x34 c:/ac6/systemworkbench/plugins/fr.ac6.mcu.externaltools.arm-none.win32_1.7.0.201602121829/tools/compiler/bin/../lib/gcc/arm-none-eabi/5.2.1/../../../../arm-none-eabi/lib/armv7e-m/fpu\libc_nano.a(lib_a-malloc.o)
 .ARM.attributes
                0x00000788       0x34 c:/ac6/systemworkbench/plugins/fr.ac6.mcu.externaltools.arm-none.win32_1.7.0.201602121829/tools/compiler/bin/../lib/gcc/arm-none-eabi/5.2.1/../../../../arm-none-eabi/lib/armv7e-m/fpu\libc_nano.a(lib_a-memset.o)
 .ARM.attributes
                0x000007bc       0x34 c:/ac6/systemworkbench/plugins/fr.ac6.mcu.externaltools.arm-none.win32_1.7.0.201602121829/tools/compiler/bin/../lib/gcc/arm-none-eabi/5.2.1/../../../../arm-none-eabi/lib/armv7e-m/fpu\libc_nano.a(lib_a-nano-freer.o)
 .ARM.attributes
                0x000007f0       0x34 c:/ac6/systemworkbench/plugins/fr.ac6.mcu.externaltools.arm-none.win32_1.7.0.201602121829/tools/compiler/bin/../lib/gcc/arm-none-eabi/5.2.1/../../../../arm-none-eabi/lib/armv7e-m/fpu\libc_nano.a(lib_a-nano-mallocr.o)
 .ARM.attributes
                0x00000824       0x34 c:/ac6/systemworkbench/plugins/fr.ac6.mcu.externaltools.arm-none.win32_1.7.0.201602121829/tools/compiler/bin/../lib/gcc/arm-none-eabi/5.2.1/../../../../arm-none-eabi/lib/armv7e-m/fpu\libc_nano.a(lib_a-sbrkr.o)
 .ARM.attributes
                0x00000858       0x34 c:/ac6/systemworkbench/plugins/fr.ac6.mcu.externaltools.arm-none.win32_1.7.0.201602121829/tools/compiler/bin/../lib/gcc/arm-none-eabi/5.2.1/../../../../arm-none-eabi/lib/armv7e-m/fpu\libc_nano.a(lib_a-reent.o)
 .ARM.attributes
                0x0000088c       0x34 c:/ac6/systemworkbench/plugins/fr.ac6.mcu.externaltools.arm-none.win32_1.7.0.201602121829/tools/compiler/bin/../lib/gcc/arm-none-eabi/5.2.1/../../../../arm-none-eabi/lib/armv7e-m/fpu\libnosys.a(sbrk.o)
 .ARM.attributes
                0x000008c0       0x34 c:/ac6/systemworkbench/plugins/fr.ac6.mcu.externaltools.arm-none.win32_1.7.0.201602121829/tools/compiler/bin/../lib/gcc/arm-none-eabi/5.2.1/armv7e-m/fpu/crtend.o
 .ARM.attributes
                0x000008f4       0x22 c:/ac6/systemworkbench/plugins/fr.ac6.mcu.externaltools.arm-none.win32_1.7.0.201602121829/tools/compiler/bin/../lib/gcc/arm-none-eabi/5.2.1/armv7e-m/fpu/crtn.o
OUTPUT(robotCDC.elf elf32-littlearm)

.debug_line     0x00000000    0x14a36
 .debug_line    0x00000000       0xae Drivers/CMSIS/Device/ST/STM32F4xx/Source/Templates/gcc/startup_stm32f411xe.o
 .debug_line    0x000000ae      0x88a Drivers/CMSIS/Device/ST/STM32F4xx/Source/Templates/system_stm32f4xx.o
 .debug_line    0x00000938      0x9ba Drivers/STM32F4xx_HAL_Driver/Src/stm32f4xx_hal.o
 .debug_line    0x000012f2      0xa2e Drivers/STM32F4xx_HAL_Driver/Src/stm32f4xx_hal_cortex.o
 .debug_line    0x00001d20      0x9e3 Drivers/STM32F4xx_HAL_Driver/Src/stm32f4xx_hal_gpio.o
 .debug_line    0x00002703     0x1cfb Drivers/STM32F4xx_HAL_Driver/Src/stm32f4xx_hal_i2c.o
 .debug_line    0x000043fe      0xced Drivers/STM32F4xx_HAL_Driver/Src/stm32f4xx_hal_pcd.o
 .debug_line    0x000050eb      0x874 Drivers/STM32F4xx_HAL_Driver/Src/stm32f4xx_hal_pcd_ex.o
 .debug_line    0x0000595f      0xb3b Drivers/STM32F4xx_HAL_Driver/Src/stm32f4xx_hal_rcc.o
 .debug_line    0x0000649a     0x15e3 Drivers/STM32F4xx_HAL_Driver/Src/stm32f4xx_hal_tim.o
 .debug_line    0x00007a7d      0xc26 Drivers/STM32F4xx_HAL_Driver/Src/stm32f4xx_hal_tim_ex.o
 .debug_line    0x000086a3      0xfad Drivers/STM32F4xx_HAL_Driver/Src/stm32f4xx_hal_uart.o
 .debug_line    0x00009650      0xe27 Drivers/STM32F4xx_HAL_Driver/Src/stm32f4xx_ll_usb.o
 .debug_line    0x0000a477      0xb3d Middlewares/ST/STM32_USB_Device_Library/Class/CDC/Src/usbd_cdc.o
 .debug_line    0x0000afb4      0xaf1 Middlewares/ST/STM32_USB_Device_Library/Core/Src/usbd_core.o
 .debug_line    0x0000baa5      0xa45 Middlewares/ST/STM32_USB_Device_Library/Core/Src/usbd_ctlreq.o
 .debug_line    0x0000c4ea      0x9bb Middlewares/ST/STM32_USB_Device_Library/Core/Src/usbd_ioreq.o
 .debug_line    0x0000cea5      0xb11 Middlewares/Third_Party/FreeRTOS/Source/CMSIS_RTOS/cmsis_os.o
 .debug_line    0x0000d9b6      0x585 Middlewares/Third_Party/FreeRTOS/Source/list.o
 .debug_line    0x0000df3b      0xe31 Middlewares/Third_Party/FreeRTOS/Source/tasks.o
 .debug_line    0x0000ed6c      0x610 Middlewares/Third_Party/FreeRTOS/Source/portable/GCC/ARM_CM4F/port.o
 .debug_line    0x0000f37c      0x63e Middlewares/Third_Party/FreeRTOS/Source/portable/MemMang/heap_4.o
 .debug_line    0x0000f9ba      0xc62 Src/main.o
 .debug_line    0x0001061c      0x8b4 Src/stm32f4xx_hal_msp.o
 .debug_line    0x00010ed0      0x86f Src/stm32f4xx_hal_timebase_TIM.o
 .debug_line    0x0001173f      0xa73 Src/stm32f4xx_it.o
 .debug_line    0x000121b2      0x9c5 Src/usb_device.o
 .debug_line    0x00012b77      0x9f5 Src/usbd_cdc_if.o
 .debug_line    0x0001356c      0xb3a Src/usbd_conf.o
 .debug_line    0x000140a6      0x990 Src/usbd_desc.o

.debug_info     0x00000000    0x1bd7c
 .debug_info    0x00000000       0xb3 Drivers/CMSIS/Device/ST/STM32F4xx/Source/Templates/gcc/startup_stm32f411xe.o
 .debug_info    0x000000b3      0x4da Drivers/CMSIS/Device/ST/STM32F4xx/Source/Templates/system_stm32f4xx.o
 .debug_info    0x0000058d      0x874 Drivers/STM32F4xx_HAL_Driver/Src/stm32f4xx_hal.o
 .debug_info    0x00000e01      0xdda Drivers/STM32F4xx_HAL_Driver/Src/stm32f4xx_hal_cortex.o
 .debug_info    0x00001bdb      0x74b Drivers/STM32F4xx_HAL_Driver/Src/stm32f4xx_hal_gpio.o
 .debug_info    0x00002326     0x2e29 Drivers/STM32F4xx_HAL_Driver/Src/stm32f4xx_hal_i2c.o
 .debug_info    0x0000514f     0x12a5 Drivers/STM32F4xx_HAL_Driver/Src/stm32f4xx_hal_pcd.o
 .debug_info    0x000063f4      0x574 Drivers/STM32F4xx_HAL_Driver/Src/stm32f4xx_hal_pcd_ex.o
 .debug_info    0x00006968      0xcac Drivers/STM32F4xx_HAL_Driver/Src/stm32f4xx_hal_rcc.o
 .debug_info    0x00007614     0x2ea2 Drivers/STM32F4xx_HAL_Driver/Src/stm32f4xx_hal_tim.o
 .debug_info    0x0000a4b6      0xf67 Drivers/STM32F4xx_HAL_Driver/Src/stm32f4xx_hal_tim_ex.o
 .debug_info    0x0000b41d     0x128d Drivers/STM32F4xx_HAL_Driver/Src/stm32f4xx_hal_uart.o
 .debug_info    0x0000c6aa     0x16ea Drivers/STM32F4xx_HAL_Driver/Src/stm32f4xx_ll_usb.o
 .debug_info    0x0000dd94      0xc84 Middlewares/ST/STM32_USB_Device_Library/Class/CDC/Src/usbd_cdc.o
 .debug_info    0x0000ea18      0xbdd Middlewares/ST/STM32_USB_Device_Library/Core/Src/usbd_core.o
 .debug_info    0x0000f5f5      0xbcb Middlewares/ST/STM32_USB_Device_Library/Core/Src/usbd_ctlreq.o
 .debug_info    0x000101c0      0x765 Middlewares/ST/STM32_USB_Device_Library/Core/Src/usbd_ioreq.o
 .debug_info    0x00010925     0x1ae7 Middlewares/Third_Party/FreeRTOS/Source/CMSIS_RTOS/cmsis_os.o
 .debug_info    0x0001240c      0x2a5 Middlewares/Third_Party/FreeRTOS/Source/list.o
 .debug_info    0x000126b1     0x270b Middlewares/Third_Party/FreeRTOS/Source/tasks.o
 .debug_info    0x00014dbc      0x55b Middlewares/Third_Party/FreeRTOS/Source/portable/GCC/ARM_CM4F/port.o
 .debug_info    0x00015317      0x48a Middlewares/Third_Party/FreeRTOS/Source/portable/MemMang/heap_4.o
 .debug_info    0x000157a1     0x173c Src/main.o
 .debug_info    0x00016edd      0xeaf Src/stm32f4xx_hal_msp.o
 .debug_info    0x00017d8c      0xadc Src/stm32f4xx_hal_timebase_TIM.o
 .debug_info    0x00018868      0x9c5 Src/stm32f4xx_it.o
 .debug_info    0x0001922d      0x619 Src/usb_device.o
 .debug_info    0x00019846      0x81d Src/usbd_cdc_if.o
 .debug_info    0x0001a063     0x1821 Src/usbd_conf.o
 .debug_info    0x0001b884      0x4f8 Src/usbd_desc.o

.debug_abbrev   0x00000000     0x4446
 .debug_abbrev  0x00000000       0x12 Drivers/CMSIS/Device/ST/STM32F4xx/Source/Templates/gcc/startup_stm32f411xe.o
 .debug_abbrev  0x00000012      0x104 Drivers/CMSIS/Device/ST/STM32F4xx/Source/Templates/system_stm32f4xx.o
 .debug_abbrev  0x00000116      0x272 Drivers/STM32F4xx_HAL_Driver/Src/stm32f4xx_hal.o
 .debug_abbrev  0x00000388      0x332 Drivers/STM32F4xx_HAL_Driver/Src/stm32f4xx_hal_cortex.o
 .debug_abbrev  0x000006ba      0x1cb Drivers/STM32F4xx_HAL_Driver/Src/stm32f4xx_hal_gpio.o
 .debug_abbrev  0x00000885      0x348 Drivers/STM32F4xx_HAL_Driver/Src/stm32f4xx_hal_i2c.o
 .debug_abbrev  0x00000bcd      0x2df Drivers/STM32F4xx_HAL_Driver/Src/stm32f4xx_hal_pcd.o
 .debug_abbrev  0x00000eac      0x172 Drivers/STM32F4xx_HAL_Driver/Src/stm32f4xx_hal_pcd_ex.o
 .debug_abbrev  0x0000101e      0x321 Drivers/STM32F4xx_HAL_Driver/Src/stm32f4xx_hal_rcc.o
 .debug_abbrev  0x0000133f      0x323 Drivers/STM32F4xx_HAL_Driver/Src/stm32f4xx_hal_tim.o
 .debug_abbrev  0x00001662      0x282 Drivers/STM32F4xx_HAL_Driver/Src/stm32f4xx_hal_tim_ex.o
 .debug_abbrev  0x000018e4      0x2fe Drivers/STM32F4xx_HAL_Driver/Src/stm32f4xx_hal_uart.o
 .debug_abbrev  0x00001be2      0x2e1 Drivers/STM32F4xx_HAL_Driver/Src/stm32f4xx_ll_usb.o
 .debug_abbrev  0x00001ec3      0x259 Middlewares/ST/STM32_USB_Device_Library/Class/CDC/Src/usbd_cdc.o
 .debug_abbrev  0x0000211c      0x273 Middlewares/ST/STM32_USB_Device_Library/Core/Src/usbd_core.o
 .debug_abbrev  0x0000238f      0x2c7 Middlewares/ST/STM32_USB_Device_Library/Core/Src/usbd_ctlreq.o
 .debug_abbrev  0x00002656      0x158 Middlewares/ST/STM32_USB_Device_Library/Core/Src/usbd_ioreq.o
 .debug_abbrev  0x000027ae      0x387 Middlewares/Third_Party/FreeRTOS/Source/CMSIS_RTOS/cmsis_os.o
 .debug_abbrev  0x00002b35       0xdf Middlewares/Third_Party/FreeRTOS/Source/list.o
 .debug_abbrev  0x00002c14      0x395 Middlewares/Third_Party/FreeRTOS/Source/tasks.o
 .debug_abbrev  0x00002fa9      0x21e Middlewares/Third_Party/FreeRTOS/Source/portable/GCC/ARM_CM4F/port.o
 .debug_abbrev  0x000031c7      0x233 Middlewares/Third_Party/FreeRTOS/Source/portable/MemMang/heap_4.o
 .debug_abbrev  0x000033fa      0x32a Src/main.o
 .debug_abbrev  0x00003724      0x1b7 Src/stm32f4xx_hal_msp.o
 .debug_abbrev  0x000038db      0x1e1 Src/stm32f4xx_hal_timebase_TIM.o
 .debug_abbrev  0x00003abc      0x19f Src/stm32f4xx_it.o
 .debug_abbrev  0x00003c5b      0x173 Src/usb_device.o
 .debug_abbrev  0x00003dce      0x224 Src/usbd_cdc_if.o
 .debug_abbrev  0x00003ff2      0x289 Src/usbd_conf.o
 .debug_abbrev  0x0000427b      0x1cb Src/usbd_desc.o

.debug_aranges  0x00000000     0x1340
 .debug_aranges
                0x00000000       0x28 Drivers/CMSIS/Device/ST/STM32F4xx/Source/Templates/gcc/startup_stm32f411xe.o
 .debug_aranges
                0x00000028       0x28 Drivers/CMSIS/Device/ST/STM32F4xx/Source/Templates/system_stm32f4xx.o
 .debug_aranges
                0x00000050       0xb8 Drivers/STM32F4xx_HAL_Driver/Src/stm32f4xx_hal.o
 .debug_aranges
                0x00000108       0x98 Drivers/STM32F4xx_HAL_Driver/Src/stm32f4xx_hal_cortex.o
 .debug_aranges
                0x000001a0       0x58 Drivers/STM32F4xx_HAL_Driver/Src/stm32f4xx_hal_gpio.o
 .debug_aranges
                0x000001f8      0x190 Drivers/STM32F4xx_HAL_Driver/Src/stm32f4xx_hal_i2c.o
 .debug_aranges
                0x00000388       0xc0 Drivers/STM32F4xx_HAL_Driver/Src/stm32f4xx_hal_pcd.o
 .debug_aranges
                0x00000448       0x28 Drivers/STM32F4xx_HAL_Driver/Src/stm32f4xx_hal_pcd_ex.o
 .debug_aranges
                0x00000470       0x80 Drivers/STM32F4xx_HAL_Driver/Src/stm32f4xx_hal_rcc.o
 .debug_aranges
                0x000004f0      0x250 Drivers/STM32F4xx_HAL_Driver/Src/stm32f4xx_hal_tim.o
 .debug_aranges
                0x00000740       0xf0 Drivers/STM32F4xx_HAL_Driver/Src/stm32f4xx_hal_tim_ex.o
 .debug_aranges
                0x00000830      0x120 Drivers/STM32F4xx_HAL_Driver/Src/stm32f4xx_hal_uart.o
 .debug_aranges
                0x00000950      0x180 Drivers/STM32F4xx_HAL_Driver/Src/stm32f4xx_ll_usb.o
 .debug_aranges
                0x00000ad0       0x90 Middlewares/ST/STM32_USB_Device_Library/Class/CDC/Src/usbd_cdc.o
 .debug_aranges
                0x00000b60       0xa8 Middlewares/ST/STM32_USB_Device_Library/Core/Src/usbd_core.o
 .debug_aranges
                0x00000c08       0x48 Middlewares/ST/STM32_USB_Device_Library/Core/Src/usbd_ctlreq.o
 .debug_aranges
                0x00000c50       0x50 Middlewares/ST/STM32_USB_Device_Library/Core/Src/usbd_ioreq.o
 .debug_aranges
                0x00000ca0      0x178 Middlewares/Third_Party/FreeRTOS/Source/CMSIS_RTOS/cmsis_os.o
 .debug_aranges
                0x00000e18       0x40 Middlewares/Third_Party/FreeRTOS/Source/list.o
 .debug_aranges
                0x00000e58      0x190 Middlewares/Third_Party/FreeRTOS/Source/tasks.o
 .debug_aranges
                0x00000fe8       0x80 Middlewares/Third_Party/FreeRTOS/Source/portable/GCC/ARM_CM4F/port.o
 .debug_aranges
                0x00001068       0x48 Middlewares/Third_Party/FreeRTOS/Source/portable/MemMang/heap_4.o
 .debug_aranges
                0x000010b0       0x48 Src/main.o
 .debug_aranges
                0x000010f8       0x40 Src/stm32f4xx_hal_msp.o
 .debug_aranges
                0x00001138       0x30 Src/stm32f4xx_hal_timebase_TIM.o
 .debug_aranges
                0x00001168       0x30 Src/stm32f4xx_it.o
 .debug_aranges
                0x00001198       0x20 Src/usb_device.o
 .debug_aranges
                0x000011b8       0x40 Src/usbd_cdc_if.o
 .debug_aranges
                0x000011f8       0xf8 Src/usbd_conf.o
 .debug_aranges
                0x000012f0       0x50 Src/usbd_desc.o

.debug_ranges   0x00000000     0x1638
 .debug_ranges  0x00000000       0x20 Drivers/CMSIS/Device/ST/STM32F4xx/Source/Templates/gcc/startup_stm32f411xe.o
 .debug_ranges  0x00000020       0x18 Drivers/CMSIS/Device/ST/STM32F4xx/Source/Templates/system_stm32f4xx.o
 .debug_ranges  0x00000038       0xa8 Drivers/STM32F4xx_HAL_Driver/Src/stm32f4xx_hal.o
 .debug_ranges  0x000000e0      0x148 Drivers/STM32F4xx_HAL_Driver/Src/stm32f4xx_hal_cortex.o
 .debug_ranges  0x00000228       0x70 Drivers/STM32F4xx_HAL_Driver/Src/stm32f4xx_hal_gpio.o
 .debug_ranges  0x00000298      0x210 Drivers/STM32F4xx_HAL_Driver/Src/stm32f4xx_hal_i2c.o
 .debug_ranges  0x000004a8       0xb0 Drivers/STM32F4xx_HAL_Driver/Src/stm32f4xx_hal_pcd.o
 .debug_ranges  0x00000558       0x18 Drivers/STM32F4xx_HAL_Driver/Src/stm32f4xx_hal_pcd_ex.o
 .debug_ranges  0x00000570      0x150 Drivers/STM32F4xx_HAL_Driver/Src/stm32f4xx_hal_rcc.o
 .debug_ranges  0x000006c0      0x330 Drivers/STM32F4xx_HAL_Driver/Src/stm32f4xx_hal_tim.o
 .debug_ranges  0x000009f0       0xe0 Drivers/STM32F4xx_HAL_Driver/Src/stm32f4xx_hal_tim_ex.o
 .debug_ranges  0x00000ad0      0x128 Drivers/STM32F4xx_HAL_Driver/Src/stm32f4xx_hal_uart.o
 .debug_ranges  0x00000bf8      0x170 Drivers/STM32F4xx_HAL_Driver/Src/stm32f4xx_ll_usb.o
 .debug_ranges  0x00000d68       0x80 Middlewares/ST/STM32_USB_Device_Library/Class/CDC/Src/usbd_cdc.o
 .debug_ranges  0x00000de8       0x98 Middlewares/ST/STM32_USB_Device_Library/Core/Src/usbd_core.o
 .debug_ranges  0x00000e80       0x38 Middlewares/ST/STM32_USB_Device_Library/Core/Src/usbd_ctlreq.o
 .debug_ranges  0x00000eb8       0x40 Middlewares/ST/STM32_USB_Device_Library/Core/Src/usbd_ioreq.o
 .debug_ranges  0x00000ef8      0x180 Middlewares/Third_Party/FreeRTOS/Source/CMSIS_RTOS/cmsis_os.o
 .debug_ranges  0x00001078       0x30 Middlewares/Third_Party/FreeRTOS/Source/list.o
 .debug_ranges  0x000010a8      0x218 Middlewares/Third_Party/FreeRTOS/Source/tasks.o
 .debug_ranges  0x000012c0       0x70 Middlewares/Third_Party/FreeRTOS/Source/portable/GCC/ARM_CM4F/port.o
 .debug_ranges  0x00001330       0x38 Middlewares/Third_Party/FreeRTOS/Source/portable/MemMang/heap_4.o
 .debug_ranges  0x00001368       0xa8 Src/main.o
 .debug_ranges  0x00001410       0x48 Src/stm32f4xx_hal_msp.o
 .debug_ranges  0x00001458       0x40 Src/stm32f4xx_hal_timebase_TIM.o
 .debug_ranges  0x00001498       0x20 Src/stm32f4xx_it.o
 .debug_ranges  0x000014b8       0x10 Src/usb_device.o
 .debug_ranges  0x000014c8       0x30 Src/usbd_cdc_if.o
 .debug_ranges  0x000014f8      0x100 Src/usbd_conf.o
 .debug_ranges  0x000015f8       0x40 Src/usbd_desc.o

.debug_loc      0x00000000     0xed8e
 .debug_loc     0x00000000       0xd7 Drivers/CMSIS/Device/ST/STM32F4xx/Source/Templates/system_stm32f4xx.o
 .debug_loc     0x000000d7       0x92 Drivers/STM32F4xx_HAL_Driver/Src/stm32f4xx_hal.o
 .debug_loc     0x00000169      0x4ab Drivers/STM32F4xx_HAL_Driver/Src/stm32f4xx_hal_cortex.o
 .debug_loc     0x00000614      0x370 Drivers/STM32F4xx_HAL_Driver/Src/stm32f4xx_hal_gpio.o
 .debug_loc     0x00000984     0x2856 Drivers/STM32F4xx_HAL_Driver/Src/stm32f4xx_hal_i2c.o
 .debug_loc     0x000031da      0xb9f Drivers/STM32F4xx_HAL_Driver/Src/stm32f4xx_hal_pcd.o
 .debug_loc     0x00003d79       0xda Drivers/STM32F4xx_HAL_Driver/Src/stm32f4xx_hal_pcd_ex.o
 .debug_loc     0x00003e53      0x49b Drivers/STM32F4xx_HAL_Driver/Src/stm32f4xx_hal_rcc.o
 .debug_loc     0x000042ee     0x30f6 Drivers/STM32F4xx_HAL_Driver/Src/stm32f4xx_hal_tim.o
 .debug_loc     0x000073e4      0x7b9 Drivers/STM32F4xx_HAL_Driver/Src/stm32f4xx_hal_tim_ex.o
 .debug_loc     0x00007b9d     0x11a0 Drivers/STM32F4xx_HAL_Driver/Src/stm32f4xx_hal_uart.o
 .debug_loc     0x00008d3d     0x1473 Drivers/STM32F4xx_HAL_Driver/Src/stm32f4xx_ll_usb.o
 .debug_loc     0x0000a1b0      0x4bc Middlewares/ST/STM32_USB_Device_Library/Class/CDC/Src/usbd_cdc.o
 .debug_loc     0x0000a66c      0x5d9 Middlewares/ST/STM32_USB_Device_Library/Core/Src/usbd_core.o
 .debug_loc     0x0000ac45      0x6d9 Middlewares/ST/STM32_USB_Device_Library/Core/Src/usbd_ctlreq.o
 .debug_loc     0x0000b31e      0x23c Middlewares/ST/STM32_USB_Device_Library/Core/Src/usbd_ioreq.o
 .debug_loc     0x0000b55a      0xf73 Middlewares/Third_Party/FreeRTOS/Source/CMSIS_RTOS/cmsis_os.o
 .debug_loc     0x0000c4cd       0x94 Middlewares/Third_Party/FreeRTOS/Source/list.o
 .debug_loc     0x0000c561     0x182a Middlewares/Third_Party/FreeRTOS/Source/tasks.o
 .debug_loc     0x0000dd8b       0xae Middlewares/Third_Party/FreeRTOS/Source/portable/GCC/ARM_CM4F/port.o
 .debug_loc     0x0000de39      0x389 Middlewares/Third_Party/FreeRTOS/Source/portable/MemMang/heap_4.o
 .debug_loc     0x0000e1c2       0x6e Src/main.o
 .debug_loc     0x0000e230       0x9a Src/stm32f4xx_hal_msp.o
 .debug_loc     0x0000e2ca       0x94 Src/stm32f4xx_hal_timebase_TIM.o
 .debug_loc     0x0000e35e      0x10c Src/usbd_cdc_if.o
 .debug_loc     0x0000e46a      0x6b1 Src/usbd_conf.o
 .debug_loc     0x0000eb1b      0x273 Src/usbd_desc.o

.debug_macro    0x00000000    0x14acb
 .debug_macro   0x00000000      0x320 Drivers/CMSIS/Device/ST/STM32F4xx/Source/Templates/system_stm32f4xx.o
 .debug_macro   0x00000320      0x89e Drivers/CMSIS/Device/ST/STM32F4xx/Source/Templates/system_stm32f4xx.o
 .debug_macro   0x00000bbe       0x31 Drivers/CMSIS/Device/ST/STM32F4xx/Source/Templates/system_stm32f4xx.o
 .debug_macro   0x00000bef       0x28 Drivers/CMSIS/Device/ST/STM32F4xx/Source/Templates/system_stm32f4xx.o
 .debug_macro   0x00000c17       0x22 Drivers/CMSIS/Device/ST/STM32F4xx/Source/Templates/system_stm32f4xx.o
 .debug_macro   0x00000c39       0x44 Drivers/CMSIS/Device/ST/STM32F4xx/Source/Templates/system_stm32f4xx.o
 .debug_macro   0x00000c7d       0xfd Drivers/CMSIS/Device/ST/STM32F4xx/Source/Templates/system_stm32f4xx.o
 .debug_macro   0x00000d7a       0x22 Drivers/CMSIS/Device/ST/STM32F4xx/Source/Templates/system_stm32f4xx.o
 .debug_macro   0x00000d9c      0x1df Drivers/CMSIS/Device/ST/STM32F4xx/Source/Templates/system_stm32f4xx.o
 .debug_macro   0x00000f7b       0x35 Drivers/CMSIS/Device/ST/STM32F4xx/Source/Templates/system_stm32f4xx.o
 .debug_macro   0x00000fb0       0x50 Drivers/CMSIS/Device/ST/STM32F4xx/Source/Templates/system_stm32f4xx.o
 .debug_macro   0x00001000      0xe66 Drivers/CMSIS/Device/ST/STM32F4xx/Source/Templates/system_stm32f4xx.o
 .debug_macro   0x00001e66     0x5102 Drivers/CMSIS/Device/ST/STM32F4xx/Source/Templates/system_stm32f4xx.o
 .debug_macro   0x00006f68       0x43 Drivers/CMSIS/Device/ST/STM32F4xx/Source/Templates/system_stm32f4xx.o
 .debug_macro   0x00006fab      0x136 Drivers/CMSIS/Device/ST/STM32F4xx/Source/Templates/system_stm32f4xx.o
 .debug_macro   0x000070e1      0x18b Drivers/CMSIS/Device/ST/STM32F4xx/Source/Templates/system_stm32f4xx.o
 .debug_macro   0x0000726c     0x347f Drivers/CMSIS/Device/ST/STM32F4xx/Source/Templates/system_stm32f4xx.o
 .debug_macro   0x0000a6eb       0x58 Drivers/CMSIS/Device/ST/STM32F4xx/Source/Templates/system_stm32f4xx.o
 .debug_macro   0x0000a743       0x35 Drivers/CMSIS/Device/ST/STM32F4xx/Source/Templates/system_stm32f4xx.o
 .debug_macro   0x0000a778       0x9c Drivers/CMSIS/Device/ST/STM32F4xx/Source/Templates/system_stm32f4xx.o
 .debug_macro   0x0000a814       0x16 Drivers/CMSIS/Device/ST/STM32F4xx/Source/Templates/system_stm32f4xx.o
 .debug_macro   0x0000a82a       0x97 Drivers/CMSIS/Device/ST/STM32F4xx/Source/Templates/system_stm32f4xx.o
 .debug_macro   0x0000a8c1      0x329 Drivers/CMSIS/Device/ST/STM32F4xx/Source/Templates/system_stm32f4xx.o
 .debug_macro   0x0000abea       0xfd Drivers/CMSIS/Device/ST/STM32F4xx/Source/Templates/system_stm32f4xx.o
 .debug_macro   0x0000ace7       0x10 Drivers/CMSIS/Device/ST/STM32F4xx/Source/Templates/system_stm32f4xx.o
 .debug_macro   0x0000acf7       0x52 Drivers/CMSIS/Device/ST/STM32F4xx/Source/Templates/system_stm32f4xx.o
 .debug_macro   0x0000ad49       0x16 Drivers/CMSIS/Device/ST/STM32F4xx/Source/Templates/system_stm32f4xx.o
 .debug_macro   0x0000ad5f       0x43 Drivers/CMSIS/Device/ST/STM32F4xx/Source/Templates/system_stm32f4xx.o
 .debug_macro   0x0000ada2      0x187 Drivers/CMSIS/Device/ST/STM32F4xx/Source/Templates/system_stm32f4xx.o
 .debug_macro   0x0000af29       0x10 Drivers/CMSIS/Device/ST/STM32F4xx/Source/Templates/system_stm32f4xx.o
 .debug_macro   0x0000af39       0x22 Drivers/CMSIS/Device/ST/STM32F4xx/Source/Templates/system_stm32f4xx.o
 .debug_macro   0x0000af5b       0x3a Drivers/CMSIS/Device/ST/STM32F4xx/Source/Templates/system_stm32f4xx.o
 .debug_macro   0x0000af95       0x10 Drivers/CMSIS/Device/ST/STM32F4xx/Source/Templates/system_stm32f4xx.o
 .debug_macro   0x0000afa5       0x40 Drivers/CMSIS/Device/ST/STM32F4xx/Source/Templates/system_stm32f4xx.o
 .debug_macro   0x0000afe5       0x65 Drivers/CMSIS/Device/ST/STM32F4xx/Source/Templates/system_stm32f4xx.o
 .debug_macro   0x0000b04a       0x16 Drivers/CMSIS/Device/ST/STM32F4xx/Source/Templates/system_stm32f4xx.o
 .debug_macro   0x0000b060      0x197 Drivers/CMSIS/Device/ST/STM32F4xx/Source/Templates/system_stm32f4xx.o
 .debug_macro   0x0000b1f7       0x50 Drivers/CMSIS/Device/ST/STM32F4xx/Source/Templates/system_stm32f4xx.o
 .debug_macro   0x0000b247      0x45c Drivers/CMSIS/Device/ST/STM32F4xx/Source/Templates/system_stm32f4xx.o
 .debug_macro   0x0000b6a3      0x9e1 Drivers/CMSIS/Device/ST/STM32F4xx/Source/Templates/system_stm32f4xx.o
 .debug_macro   0x0000c084      0x11e Drivers/CMSIS/Device/ST/STM32F4xx/Source/Templates/system_stm32f4xx.o
 .debug_macro   0x0000c1a2      0x11b Drivers/CMSIS/Device/ST/STM32F4xx/Source/Templates/system_stm32f4xx.o
 .debug_macro   0x0000c2bd       0x27 Drivers/CMSIS/Device/ST/STM32F4xx/Source/Templates/system_stm32f4xx.o
 .debug_macro   0x0000c2e4      0x287 Drivers/CMSIS/Device/ST/STM32F4xx/Source/Templates/system_stm32f4xx.o
 .debug_macro   0x0000c56b       0x5f Drivers/CMSIS/Device/ST/STM32F4xx/Source/Templates/system_stm32f4xx.o
 .debug_macro   0x0000c5ca      0x23a Drivers/CMSIS/Device/ST/STM32F4xx/Source/Templates/system_stm32f4xx.o
 .debug_macro   0x0000c804      0x13a Drivers/CMSIS/Device/ST/STM32F4xx/Source/Templates/system_stm32f4xx.o
 .debug_macro   0x0000c93e      0x264 Drivers/CMSIS/Device/ST/STM32F4xx/Source/Templates/system_stm32f4xx.o
 .debug_macro   0x0000cba2       0x2e Drivers/CMSIS/Device/ST/STM32F4xx/Source/Templates/system_stm32f4xx.o
 .debug_macro   0x0000cbd0      0x1a7 Drivers/CMSIS/Device/ST/STM32F4xx/Source/Templates/system_stm32f4xx.o
 .debug_macro   0x0000cd77       0x22 Drivers/CMSIS/Device/ST/STM32F4xx/Source/Templates/system_stm32f4xx.o
 .debug_macro   0x0000cd99       0xa5 Drivers/CMSIS/Device/ST/STM32F4xx/Source/Templates/system_stm32f4xx.o
 .debug_macro   0x0000ce3e      0x11e Drivers/CMSIS/Device/ST/STM32F4xx/Source/Templates/system_stm32f4xx.o
 .debug_macro   0x0000cf5c       0x85 Drivers/CMSIS/Device/ST/STM32F4xx/Source/Templates/system_stm32f4xx.o
 .debug_macro   0x0000cfe1       0x89 Drivers/CMSIS/Device/ST/STM32F4xx/Source/Templates/system_stm32f4xx.o
 .debug_macro   0x0000d06a      0x6d9 Drivers/CMSIS/Device/ST/STM32F4xx/Source/Templates/system_stm32f4xx.o
 .debug_macro   0x0000d743       0x5b Drivers/CMSIS/Device/ST/STM32F4xx/Source/Templates/system_stm32f4xx.o
 .debug_macro   0x0000d79e      0x14d Drivers/CMSIS/Device/ST/STM32F4xx/Source/Templates/system_stm32f4xx.o
 .debug_macro   0x0000d8eb      0x287 Drivers/CMSIS/Device/ST/STM32F4xx/Source/Templates/system_stm32f4xx.o
 .debug_macro   0x0000db72      0x1df Drivers/CMSIS/Device/ST/STM32F4xx/Source/Templates/system_stm32f4xx.o
 .debug_macro   0x0000dd51      0x115 Drivers/CMSIS/Device/ST/STM32F4xx/Source/Templates/system_stm32f4xx.o
 .debug_macro   0x0000de66      0x11e Drivers/CMSIS/Device/ST/STM32F4xx/Source/Templates/system_stm32f4xx.o
 .debug_macro   0x0000df84      0x368 Drivers/STM32F4xx_HAL_Driver/Src/stm32f4xx_hal.o
 .debug_macro   0x0000e2ec      0x31a Drivers/STM32F4xx_HAL_Driver/Src/stm32f4xx_hal_cortex.o
 .debug_macro   0x0000e606      0x352 Drivers/STM32F4xx_HAL_Driver/Src/stm32f4xx_hal_gpio.o
 .debug_macro   0x0000e958      0x35a Drivers/STM32F4xx_HAL_Driver/Src/stm32f4xx_hal_i2c.o
 .debug_macro   0x0000ecb2      0x326 Drivers/STM32F4xx_HAL_Driver/Src/stm32f4xx_hal_pcd.o
 .debug_macro   0x0000efd8      0x31a Drivers/STM32F4xx_HAL_Driver/Src/stm32f4xx_hal_pcd_ex.o
 .debug_macro   0x0000f2f2      0x344 Drivers/STM32F4xx_HAL_Driver/Src/stm32f4xx_hal_rcc.o
 .debug_macro   0x0000f636      0x31b Drivers/STM32F4xx_HAL_Driver/Src/stm32f4xx_hal_tim.o
 .debug_macro   0x0000f951      0x31a Drivers/STM32F4xx_HAL_Driver/Src/stm32f4xx_hal_tim_ex.o
 .debug_macro   0x0000fc6b      0x31b Drivers/STM32F4xx_HAL_Driver/Src/stm32f4xx_hal_uart.o
 .debug_macro   0x0000ff86      0x328 Drivers/STM32F4xx_HAL_Driver/Src/stm32f4xx_ll_usb.o
 .debug_macro   0x000102ae      0x3c6 Middlewares/ST/STM32_USB_Device_Library/Class/CDC/Src/usbd_cdc.o
 .debug_macro   0x00010674       0x4a Middlewares/ST/STM32_USB_Device_Library/Class/CDC/Src/usbd_cdc.o
 .debug_macro   0x000106be       0x16 Middlewares/ST/STM32_USB_Device_Library/Class/CDC/Src/usbd_cdc.o
 .debug_macro   0x000106d4       0x35 Middlewares/ST/STM32_USB_Device_Library/Class/CDC/Src/usbd_cdc.o
 .debug_macro   0x00010709       0x16 Middlewares/ST/STM32_USB_Device_Library/Class/CDC/Src/usbd_cdc.o
 .debug_macro   0x0001071f       0x29 Middlewares/ST/STM32_USB_Device_Library/Class/CDC/Src/usbd_cdc.o
 .debug_macro   0x00010748       0x16 Middlewares/ST/STM32_USB_Device_Library/Class/CDC/Src/usbd_cdc.o
 .debug_macro   0x0001075e       0x71 Middlewares/ST/STM32_USB_Device_Library/Class/CDC/Src/usbd_cdc.o
 .debug_macro   0x000107cf      0x1c3 Middlewares/ST/STM32_USB_Device_Library/Class/CDC/Src/usbd_cdc.o
 .debug_macro   0x00010992       0x83 Middlewares/ST/STM32_USB_Device_Library/Class/CDC/Src/usbd_cdc.o
 .debug_macro   0x00010a15      0x39f Middlewares/ST/STM32_USB_Device_Library/Core/Src/usbd_core.o
 .debug_macro   0x00010db4      0x1c9 Middlewares/ST/STM32_USB_Device_Library/Core/Src/usbd_core.o
 .debug_macro   0x00010f7d      0x3a9 Middlewares/ST/STM32_USB_Device_Library/Core/Src/usbd_ctlreq.o
 .debug_macro   0x00011326      0x3a5 Middlewares/ST/STM32_USB_Device_Library/Core/Src/usbd_ioreq.o
 .debug_macro   0x000116cb      0x1d7 Middlewares/Third_Party/FreeRTOS/Source/CMSIS_RTOS/cmsis_os.o
 .debug_macro   0x000118a2      0x174 Middlewares/Third_Party/FreeRTOS/Source/CMSIS_RTOS/cmsis_os.o
 .debug_macro   0x00011a16       0x10 Middlewares/Third_Party/FreeRTOS/Source/CMSIS_RTOS/cmsis_os.o
 .debug_macro   0x00011a26       0x16 Middlewares/Third_Party/FreeRTOS/Source/CMSIS_RTOS/cmsis_os.o
 .debug_macro   0x00011a3c       0x26 Middlewares/Third_Party/FreeRTOS/Source/CMSIS_RTOS/cmsis_os.o
 .debug_macro   0x00011a62       0xc6 Middlewares/Third_Party/FreeRTOS/Source/CMSIS_RTOS/cmsis_os.o
 .debug_macro   0x00011b28      0x15d Middlewares/Third_Party/FreeRTOS/Source/CMSIS_RTOS/cmsis_os.o
 .debug_macro   0x00011c85       0xe4 Middlewares/Third_Party/FreeRTOS/Source/CMSIS_RTOS/cmsis_os.o
 .debug_macro   0x00011d69       0x10 Middlewares/Third_Party/FreeRTOS/Source/CMSIS_RTOS/cmsis_os.o
 .debug_macro   0x00011d79       0x1f Middlewares/Third_Party/FreeRTOS/Source/CMSIS_RTOS/cmsis_os.o
 .debug_macro   0x00011d98      0x3f4 Middlewares/Third_Party/FreeRTOS/Source/CMSIS_RTOS/cmsis_os.o
 .debug_macro   0x0001218c       0xc0 Middlewares/Third_Party/FreeRTOS/Source/CMSIS_RTOS/cmsis_os.o
 .debug_macro   0x0001224c       0x9a Middlewares/Third_Party/FreeRTOS/Source/CMSIS_RTOS/cmsis_os.o
 .debug_macro   0x000122e6       0x91 Middlewares/Third_Party/FreeRTOS/Source/CMSIS_RTOS/cmsis_os.o
 .debug_macro   0x00012377       0xb0 Middlewares/Third_Party/FreeRTOS/Source/CMSIS_RTOS/cmsis_os.o
 .debug_macro   0x00012427       0x7f Middlewares/Third_Party/FreeRTOS/Source/CMSIS_RTOS/cmsis_os.o
 .debug_macro   0x000124a6       0xcf Middlewares/Third_Party/FreeRTOS/Source/CMSIS_RTOS/cmsis_os.o
 .debug_macro   0x00012575      0x176 Middlewares/Third_Party/FreeRTOS/Source/list.o
 .debug_macro   0x000126eb      0x224 Middlewares/Third_Party/FreeRTOS/Source/tasks.o
 .debug_macro   0x0001290f       0x11 Middlewares/Third_Party/FreeRTOS/Source/tasks.o
 .debug_macro   0x00012920      0x197 Middlewares/Third_Party/FreeRTOS/Source/portable/GCC/ARM_CM4F/port.o
 .debug_macro   0x00012ab7      0x19d Middlewares/Third_Party/FreeRTOS/Source/portable/MemMang/heap_4.o
 .debug_macro   0x00012c54      0x454 Src/main.o
 .debug_macro   0x000130a8       0xcc Src/main.o
 .debug_macro   0x00013174      0x31a Src/stm32f4xx_hal_msp.o
 .debug_macro   0x0001348e      0x31a Src/stm32f4xx_hal_timebase_TIM.o
 .debug_macro   0x000137a8      0x3e7 Src/stm32f4xx_it.o
 .debug_macro   0x00013b8f      0x3e0 Src/usb_device.o
 .debug_macro   0x00013f6f      0x3ca Src/usbd_cdc_if.o
 .debug_macro   0x00014339      0x3af Src/usbd_conf.o
 .debug_macro   0x000146e8      0x3e3 Src/usbd_desc.o

.debug_str      0x00000000    0x673e7
 .debug_str     0x00000000    0x59a5f Drivers/CMSIS/Device/ST/STM32F4xx/Source/Templates/system_stm32f4xx.o
                              0x59d10 (size before relaxing)
 .debug_str     0x00059a5f      0x886 Drivers/STM32F4xx_HAL_Driver/Src/stm32f4xx_hal.o
                              0x5a57a (size before relaxing)
 .debug_str     0x0005a2e5      0x31a Drivers/STM32F4xx_HAL_Driver/Src/stm32f4xx_hal_cortex.o
                              0x5a3d3 (size before relaxing)
 .debug_str     0x0005a5ff      0x2ec Drivers/STM32F4xx_HAL_Driver/Src/stm32f4xx_hal_gpio.o
                              0x59f67 (size before relaxing)
 .debug_str     0x0005a8eb      0xe0f Drivers/STM32F4xx_HAL_Driver/Src/stm32f4xx_hal_i2c.o
                              0x5aa2a (size before relaxing)
 .debug_str     0x0005b6fa      0x89d Drivers/STM32F4xx_HAL_Driver/Src/stm32f4xx_hal_pcd.o
                              0x5a486 (size before relaxing)
 .debug_str     0x0005bf97       0x4a Drivers/STM32F4xx_HAL_Driver/Src/stm32f4xx_hal_pcd_ex.o
                              0x59ec4 (size before relaxing)
 .debug_str     0x0005bfe1      0x354 Drivers/STM32F4xx_HAL_Driver/Src/stm32f4xx_hal_rcc.o
                              0x5a0f6 (size before relaxing)
 .debug_str     0x0005c335      0xc00 Drivers/STM32F4xx_HAL_Driver/Src/stm32f4xx_hal_tim.o
                              0x5aa63 (size before relaxing)
 .debug_str     0x0005cf35      0x419 Drivers/STM32F4xx_HAL_Driver/Src/stm32f4xx_hal_tim_ex.o
                              0x5a4b2 (size before relaxing)
 .debug_str     0x0005d34e      0x4da Drivers/STM32F4xx_HAL_Driver/Src/stm32f4xx_hal_uart.o
                              0x5a35b (size before relaxing)
 .debug_str     0x0005d828      0x3e3 Drivers/STM32F4xx_HAL_Driver/Src/stm32f4xx_ll_usb.o
                              0x5a507 (size before relaxing)
 .debug_str     0x0005dc0b     0x1270 Middlewares/ST/STM32_USB_Device_Library/Class/CDC/Src/usbd_cdc.o
                              0x5aeb9 (size before relaxing)
 .debug_str     0x0005ee7b      0x27c Middlewares/ST/STM32_USB_Device_Library/Core/Src/usbd_core.o
                              0x5ab82 (size before relaxing)
 .debug_str     0x0005f0f7      0x125 Middlewares/ST/STM32_USB_Device_Library/Core/Src/usbd_ctlreq.o
                              0x5aab4 (size before relaxing)
 .debug_str     0x0005f21c       0x51 Middlewares/ST/STM32_USB_Device_Library/Core/Src/usbd_ioreq.o
                              0x5a9e1 (size before relaxing)
 .debug_str     0x0005f26d     0x5f94 Middlewares/Third_Party/FreeRTOS/Source/CMSIS_RTOS/cmsis_os.o
                               0xc241 (size before relaxing)
 .debug_str     0x00065201      0x148 Middlewares/Third_Party/FreeRTOS/Source/list.o
                               0x91e5 (size before relaxing)
 .debug_str     0x00065349     0x1046 Middlewares/Third_Party/FreeRTOS/Source/tasks.o
                               0xb3dc (size before relaxing)
 .debug_str     0x0006638f      0x744 Middlewares/Third_Party/FreeRTOS/Source/portable/GCC/ARM_CM4F/port.o
                               0x7943 (size before relaxing)
 .debug_str     0x00066ad3      0x243 Middlewares/Third_Party/FreeRTOS/Source/portable/MemMang/heap_4.o
                               0x9ad7 (size before relaxing)
 .debug_str     0x00066d16      0x11c Src/main.o
                              0x60b43 (size before relaxing)
 .debug_str     0x00066e32       0x6d Src/stm32f4xx_hal_msp.o